-- Column Projection and Extended Pushdown Test
-- Purpose: Exercise deparse.c target list generation and cross-type filter paths
-- Target: deparse.c (datalakeDeparseTargetList), filters.c (cross-type operators)
CREATE EXTENSION IF NOT EXISTS datalake_fdw;
NOTICE:  extension "datalake_fdw" already exists, skipping
-- Setup: Iceberg with builtin catalog + S3 volume
CREATE SERVER proj_catalog_server
FOREIGN DATA WRAPPER iceberg_catalog_fdw;
CREATE USER MAPPING FOR current_user SERVER proj_catalog_server;
CREATE FOREIGN CATALOG proj_catalog SERVER proj_catalog_server;
SET iceberg_default_catalog = 'proj_catalog';
CREATE SERVER proj_volume_server
FOREIGN DATA WRAPPER iceberg_volume_fdw
OPTIONS (
    type 's3',
    endpoint 'http://minio:9000',
    region 'us-east-1',
    bucket_name 'warehouse',
    path_style_access 'true'
);
CREATE USER MAPPING FOR current_user
SERVER proj_volume_server
OPTIONS (
    access_key_id 'admin',
    secret_access_key 'admin12345');
CREATE FOREIGN VOLUME proj_volume SERVER proj_volume_server OPTIONS(base_path '/proj_volume/');
SET iceberg_default_volume = 'proj_volume';
-- Create test table with diverse column types
CREATE ICEBERG TABLE proj_test (
    id bigint,
    small_val smallint,
    int_val int,
    name text,
    price decimal(10,2),
    quantity int,
    is_active boolean,
    created_date date
);
INSERT INTO proj_test VALUES
    (1, 10, 100, 'Alpha', 299.99, 10, true, '2024-01-15'),
    (2, 20, 200, 'Beta', 19.99, 100, true, '2024-02-20'),
    (3, 30, 300, 'Gamma', 599.99, 5, false, '2024-03-10'),
    (4, 40, 400, 'Delta', 9.99, 500, true, '2024-04-01'),
    (5, 50, 500, 'Epsilon', 149.99, 25, false, '2024-05-15'),
    (6, NULL, NULL, NULL, NULL, NULL, NULL, NULL);
-- ============================================================
-- Test 1: Single column projection
-- ============================================================
SELECT id FROM proj_test ORDER BY id;
 id 
----
  1
  2
  3
  4
  5
  6
(6 rows)

SELECT name FROM proj_test WHERE name IS NOT NULL ORDER BY name;
  name   
---------
 Alpha
 Beta
 Delta
 Epsilon
 Gamma
(5 rows)

-- ============================================================
-- Test 2: Two-column subset
-- ============================================================
SELECT id, price FROM proj_test WHERE price IS NOT NULL ORDER BY id;
 id | price  
----+--------
  1 | 299.99
  2 |  19.99
  3 | 599.99
  4 |   9.99
  5 | 149.99
(5 rows)

-- ============================================================
-- Test 3: Full row (SELECT *)
-- ============================================================
SELECT * FROM proj_test ORDER BY id;
 id | small_val | int_val |  name   | price  | quantity | is_active | created_date 
----+-----------+---------+---------+--------+----------+-----------+--------------
  1 |        10 |     100 | Alpha   | 299.99 |       10 | t         | 01-15-2024
  2 |        20 |     200 | Beta    |  19.99 |      100 | t         | 02-20-2024
  3 |        30 |     300 | Gamma   | 599.99 |        5 | f         | 03-10-2024
  4 |        40 |     400 | Delta   |   9.99 |      500 | t         | 04-01-2024
  5 |        50 |     500 | Epsilon | 149.99 |       25 | f         | 05-15-2024
  6 |           |         |         |        |          |           | 
(6 rows)

-- ============================================================
-- Test 4: Column subset with filter on non-selected column
-- ============================================================
SELECT id, name FROM proj_test WHERE quantity > 50 ORDER BY id;
 id | name  
----+-------
  2 | Beta
  4 | Delta
(2 rows)

SELECT price, quantity FROM proj_test WHERE is_active = true ORDER BY price;
 price  | quantity 
--------+----------
   9.99 |      500
  19.99 |      100
 299.99 |       10
(3 rows)

-- ============================================================
-- Test 5: EXPLAIN shows column projection
-- ============================================================
EXPLAIN (COSTS OFF) SELECT id FROM proj_test WHERE id = 1;
                  QUERY PLAN                   
-----------------------------------------------
 Gather Motion 3:1  (slice1; segments: 3)
   ->  Custom Scan (Iceberg Scan) on proj_test
         Filter: (id = 1)
 Optimizer: GPORCA
(4 rows)

EXPLAIN (COSTS OFF) SELECT id, name FROM proj_test WHERE price > 100;
                  QUERY PLAN                   
-----------------------------------------------
 Gather Motion 3:1  (slice1; segments: 3)
   ->  Custom Scan (Iceberg Scan) on proj_test
         Filter: (price > '100'::numeric)
 Optimizer: GPORCA
(4 rows)

EXPLAIN (COSTS OFF) SELECT * FROM proj_test;
                  QUERY PLAN                   
-----------------------------------------------
 Gather Motion 3:1  (slice1; segments: 3)
   ->  Custom Scan (Iceberg Scan) on proj_test
 Optimizer: GPORCA
(3 rows)

-- ============================================================
-- Test 6: Cross-type integer comparisons
-- ============================================================
-- smallint compared with int literal
SELECT id, small_val FROM proj_test WHERE small_val > 25 ORDER BY id;
 id | small_val 
----+-----------
  3 |        30
  4 |        40
  5 |        50
(3 rows)

-- int compared with bigint column
SELECT id, int_val FROM proj_test WHERE int_val = id * 100 ORDER BY id;
 id | int_val 
----+---------
  1 |     100
  2 |     200
  3 |     300
  4 |     400
  5 |     500
(5 rows)

-- ============================================================
-- Test 7: ScalarArrayOpExpr (IN lists)
-- ============================================================
SELECT id, name FROM proj_test WHERE id IN (1, 3, 5) ORDER BY id;
 id |  name   
----+---------
  1 | Alpha
  3 | Gamma
  5 | Epsilon
(3 rows)

SELECT id, name FROM proj_test WHERE name IN ('Alpha', 'Gamma', 'Epsilon') ORDER BY id;
 id |  name   
----+---------
  1 | Alpha
  3 | Gamma
  5 | Epsilon
(3 rows)

-- ============================================================
-- Test 8: Complex boolean filter combinations
-- ============================================================
-- (A AND B) OR (C AND D)
SELECT id, name FROM proj_test
WHERE (is_active = true AND price < 100) OR (is_active = false AND quantity < 10)
ORDER BY id;
 id | name  
----+-------
  2 | Beta
  3 | Gamma
  4 | Delta
(3 rows)

-- NOT
SELECT id, name FROM proj_test
WHERE NOT (is_active = true)
ORDER BY id;
 id |  name   
----+---------
  3 | Gamma
  5 | Epsilon
(2 rows)

-- Nested
SELECT id FROM proj_test
WHERE (id > 2 AND id < 5) OR (id = 1)
ORDER BY id;
 id 
----
  1
  3
  4
(3 rows)

-- ============================================================
-- Test 9: BETWEEN (desugars to >= AND <=)
-- ============================================================
SELECT id, price FROM proj_test WHERE price BETWEEN 10.00 AND 200.00 ORDER BY id;
 id | price  
----+--------
  2 |  19.99
  5 | 149.99
(2 rows)

-- ============================================================
-- Test 10: COUNT with filter (no data columns projected)
-- ============================================================
SELECT COUNT(*) FROM proj_test WHERE is_active = true;
 count 
-------
     3
(1 row)

SELECT COUNT(*) FROM proj_test WHERE price > 100;
 count 
-------
     3
(1 row)

-- ============================================================
-- Test 11: DISTINCT on projected column
-- ============================================================
SELECT DISTINCT is_active FROM proj_test WHERE is_active IS NOT NULL ORDER BY is_active;
 is_active 
-----------
 f
 t
(2 rows)

-- ============================================================
-- Test 12: ORDER BY on non-selected column
-- ============================================================
SELECT name FROM proj_test WHERE name IS NOT NULL ORDER BY id;
  name   
---------
 Alpha
 Beta
 Gamma
 Delta
 Epsilon
(5 rows)

-- ============================================================
-- Cleanup
-- ============================================================
DROP TABLE proj_test;
DROP VOLUME proj_volume;
DROP USER MAPPING FOR current_user SERVER proj_volume_server;
DROP SERVER proj_volume_server;
DROP CATALOG proj_catalog;
DROP USER MAPPING FOR current_user SERVER proj_catalog_server;
DROP SERVER proj_catalog_server;
