-- Predicate Pushdown Smoke Test
-- Purpose: Verify filter pushdown works correctly for all supported operators
-- Uses Iceberg tables (self-contained, no external data needed)
-- Tests: =, >, <, >=, <=, !=, IS NULL, IS NOT NULL, LIKE, IN
-- Also tests: EXPLAIN output and GUC toggle
-- Clean up previous run leftovers
DROP FOREIGN DATA WRAPPER IF EXISTS datalake_fdw CASCADE;
NOTICE:  foreign-data wrapper "datalake_fdw" does not exist, skipping
-- Common setup (inline to avoid \i path issues with pg_regress)
CREATE EXTENSION IF NOT EXISTS datalake_fdw;
CREATE EXTENSION IF NOT EXISTS hive_connector;
CREATE FOREIGN DATA WRAPPER datalake_fdw
    HANDLER datalake_fdw_handler
    VALIDATOR datalake_fdw_validator
    OPTIONS (mpp_execute 'all segments');
SET datestyle = ISO, MDY;
-- ============================================================
-- Setup: Iceberg with builtin catalog + S3 volume
-- ============================================================
CREATE SERVER pushdown_catalog_server
FOREIGN DATA WRAPPER iceberg_catalog_fdw;
CREATE USER MAPPING FOR current_user SERVER pushdown_catalog_server;
CREATE FOREIGN CATALOG pushdown_catalog SERVER pushdown_catalog_server;
SET iceberg_default_catalog = 'pushdown_catalog';
CREATE SERVER pushdown_volume_server
FOREIGN DATA WRAPPER iceberg_volume_fdw
OPTIONS (
    type 's3',
    endpoint 'http://minio:9000',
    region 'us-east-1',
    bucket_name 'warehouse',
    path_style_access 'true'
);
CREATE USER MAPPING FOR current_user
SERVER pushdown_volume_server
OPTIONS (
    access_key_id 'admin',
    secret_access_key 'admin12345');
CREATE FOREIGN VOLUME pushdown_volume SERVER pushdown_volume_server OPTIONS(base_path '/pushdown_volume/');
SET iceberg_default_volume = 'pushdown_volume';
-- ============================================================
-- Create test table with diverse data
-- ============================================================
CREATE ICEBERG TABLE pushdown_test (
    id bigint,
    name text,
    category text,
    price decimal(10,2),
    quantity int,
    created_date date,
    is_active boolean
);
INSERT INTO pushdown_test VALUES
    (1, 'Alpha Product', 'electronics', 299.99, 10, '2024-01-15', true),
    (2, 'Beta Widget', 'office', 19.99, 100, '2024-02-20', true),
    (3, 'Gamma Device', 'electronics', 599.99, 5, '2024-03-10', false),
    (4, 'Delta Supply', 'office', 9.99, 500, '2024-04-01', true),
    (5, 'Epsilon Tool', 'hardware', 149.99, 25, '2024-05-15', false),
    (6, NULL, 'hardware', NULL, NULL, NULL, NULL),
    (7, 'Eta Service', NULL, 0.00, 0, '2024-07-01', true),
    (8, 'Theta Pack', 'office', 49.99, 200, '2024-08-20', true);
-- Verify base data
SELECT COUNT(*) FROM pushdown_test;
 count 
-------
     8
(1 row)

-- ============================================================
-- Test 1: Equality operator (=)
-- ============================================================
SELECT id, name FROM pushdown_test WHERE id = 3;
 id |     name     
----+--------------
  3 | Gamma Device
(1 row)

SELECT id, name FROM pushdown_test WHERE category = 'office' ORDER BY id;
 id |     name     
----+--------------
  2 | Beta Widget
  4 | Delta Supply
  8 | Theta Pack
(3 rows)

-- ============================================================
-- Test 2: Comparison operators (>, <, >=, <=)
-- ============================================================
SELECT id, price FROM pushdown_test WHERE price > 100.00 ORDER BY id;
 id | price  
----+--------
  1 | 299.99
  3 | 599.99
  5 | 149.99
(3 rows)

SELECT id, price FROM pushdown_test WHERE price < 50.00 ORDER BY id;
 id | price 
----+-------
  2 | 19.99
  4 |  9.99
  7 |  0.00
  8 | 49.99
(4 rows)

SELECT id, quantity FROM pushdown_test WHERE quantity >= 100 ORDER BY id;
 id | quantity 
----+----------
  2 |      100
  4 |      500
  8 |      200
(3 rows)

SELECT id, quantity FROM pushdown_test WHERE quantity <= 10 ORDER BY id;
 id | quantity 
----+----------
  1 |       10
  3 |        5
  7 |        0
(3 rows)

-- ============================================================
-- Test 3: Not-equal operator (!=)
-- ============================================================
SELECT id, category FROM pushdown_test WHERE category != 'office' ORDER BY id;
 id |  category   
----+-------------
  1 | electronics
  3 | electronics
  5 | hardware
  6 | hardware
(4 rows)

-- ============================================================
-- Test 4: IS NULL / IS NOT NULL
-- ============================================================
SELECT id FROM pushdown_test WHERE name IS NULL;
 id 
----
  6
(1 row)

SELECT id FROM pushdown_test WHERE price IS NOT NULL ORDER BY id;
 id 
----
  1
  2
  3
  4
  5
  7
  8
(7 rows)

SELECT id FROM pushdown_test WHERE category IS NULL;
 id 
----
  7
(1 row)

-- ============================================================
-- Test 5: LIKE pattern matching
-- ============================================================
SELECT id, name FROM pushdown_test WHERE name LIKE 'Alpha%';
 id |     name      
----+---------------
  1 | Alpha Product
(1 row)

SELECT id, name FROM pushdown_test WHERE name LIKE '%Widget%';
 id |    name     
----+-------------
  2 | Beta Widget
(1 row)

SELECT id, name FROM pushdown_test WHERE name LIKE '%Tool';
 id |     name     
----+--------------
  5 | Epsilon Tool
(1 row)

-- ============================================================
-- Test 6: IN list
-- ============================================================
SELECT id, category FROM pushdown_test WHERE category IN ('electronics', 'hardware') ORDER BY id;
 id |  category   
----+-------------
  1 | electronics
  3 | electronics
  5 | hardware
  6 | hardware
(4 rows)

SELECT id, name FROM pushdown_test WHERE id IN (1, 3, 5, 7) ORDER BY id;
 id |     name      
----+---------------
  1 | Alpha Product
  3 | Gamma Device
  5 | Epsilon Tool
  7 | Eta Service
(4 rows)

-- ============================================================
-- Test 7: Combined filters
-- ============================================================
SELECT id, name, price FROM pushdown_test
WHERE category = 'office' AND price > 10.00
ORDER BY id;
 id |    name     | price 
----+-------------+-------
  2 | Beta Widget | 19.99
  8 | Theta Pack  | 49.99
(2 rows)

SELECT id, name FROM pushdown_test
WHERE (category = 'electronics' OR category = 'hardware') AND is_active = false
ORDER BY id;
 id |     name     
----+--------------
  3 | Gamma Device
  5 | Epsilon Tool
(2 rows)

SELECT id, name, price FROM pushdown_test
WHERE price BETWEEN 10.00 AND 200.00 AND quantity > 0
ORDER BY id;
 id |     name     | price  
----+--------------+--------
  2 | Beta Widget  |  19.99
  5 | Epsilon Tool | 149.99
  8 | Theta Pack   |  49.99
(3 rows)

-- ============================================================
-- Test 8: Date filters
-- ============================================================
SELECT id, created_date FROM pushdown_test
WHERE created_date > '2024-04-01' ORDER BY id;
 id | created_date 
----+--------------
  5 | 2024-05-15
  7 | 2024-07-01
  8 | 2024-08-20
(3 rows)

SELECT id, created_date FROM pushdown_test
WHERE created_date BETWEEN '2024-01-01' AND '2024-06-30' ORDER BY id;
 id | created_date 
----+--------------
  1 | 2024-01-15
  2 | 2024-02-20
  3 | 2024-03-10
  4 | 2024-04-01
  5 | 2024-05-15
(5 rows)

-- ============================================================
-- Test 9: Boolean filters
-- ============================================================
SELECT id, name FROM pushdown_test WHERE is_active = true ORDER BY id;
 id |     name      
----+---------------
  1 | Alpha Product
  2 | Beta Widget
  4 | Delta Supply
  7 | Eta Service
  8 | Theta Pack
(5 rows)

SELECT id, name FROM pushdown_test WHERE is_active = false ORDER BY id;
 id |     name     
----+--------------
  3 | Gamma Device
  5 | Epsilon Tool
(2 rows)

-- ============================================================
-- Test 10: EXPLAIN shows Foreign Scan (pushdown active)
-- ============================================================
EXPLAIN (COSTS OFF) SELECT * FROM pushdown_test WHERE id = 1;
                    QUERY PLAN                     
---------------------------------------------------
 Gather Motion 3:1  (slice1; segments: 3)
   ->  Custom Scan (Iceberg Scan) on pushdown_test
         Filter: (id = 1)
 Optimizer: GPORCA
(4 rows)

EXPLAIN (COSTS OFF) SELECT * FROM pushdown_test WHERE category = 'office' AND price > 10.00;
                            QUERY PLAN                             
-------------------------------------------------------------------
 Gather Motion 3:1  (slice1; segments: 3)
   ->  Custom Scan (Iceberg Scan) on pushdown_test
         Filter: ((category = 'office'::text) AND (price > 10.00))
 Optimizer: GPORCA
(4 rows)

-- ============================================================
-- Test 11: GUC toggle - disable pushdown and verify results match
-- ============================================================
-- Results with pushdown enabled (default)
SELECT id, name FROM pushdown_test WHERE category = 'electronics' ORDER BY id;
 id |     name      
----+---------------
  1 | Alpha Product
  3 | Gamma Device
(2 rows)

-- Disable pushdown
SET datalake.disable_filter_pushdown = on;
SELECT id, name FROM pushdown_test WHERE category = 'electronics' ORDER BY id;
 id |     name      
----+---------------
  1 | Alpha Product
  3 | Gamma Device
(2 rows)

-- Re-enable pushdown
SET datalake.disable_filter_pushdown = off;
-- ============================================================
-- Cleanup
-- ============================================================
DROP TABLE IF EXISTS pushdown_test;
DROP VOLUME IF EXISTS pushdown_volume;
DROP USER MAPPING IF EXISTS FOR current_user SERVER pushdown_volume_server;
DROP SERVER IF EXISTS pushdown_volume_server;
DROP CATALOG IF EXISTS pushdown_catalog;
DROP USER MAPPING IF EXISTS FOR current_user SERVER pushdown_catalog_server;
DROP SERVER IF EXISTS pushdown_catalog_server;
