-- 02_iceberg_errors.sql
-- Test Iceberg error paths and negative scenarios
\i ../../../lib/sql/common_setup.sql
-- common_setup.sql
-- Base setup for all datalake_fdw tests
-- This file should be included at the beginning of all test SQL files
-- Create required extensions
CREATE EXTENSION IF NOT EXISTS datalake_fdw;
NOTICE:  extension "datalake_fdw" already exists, skipping
CREATE EXTENSION IF NOT EXISTS hive_connector;
NOTICE:  extension "hive_connector" already exists, skipping
-- gp_exttable_delimiter may not be available in all environments.
-- Silence the "already exists, skipping" NOTICE emitted in CI where the
-- extension has been created by an earlier test or initdb step.
SET client_min_messages = WARNING;
DO $$ BEGIN
    CREATE EXTENSION IF NOT EXISTS gp_exttable_delimiter;
EXCEPTION WHEN OTHERS THEN
    -- Extension not available, skip silently
END $$;
RESET client_min_messages;
-- Create foreign data wrapper if not already present
-- Note: CREATE FOREIGN DATA WRAPPER does not support IF NOT EXISTS syntax
DO $$ BEGIN
    IF NOT EXISTS (SELECT 1 FROM pg_foreign_data_wrapper WHERE fdwname = 'datalake_fdw') THEN
        EXECUTE 'CREATE FOREIGN DATA WRAPPER datalake_fdw
            HANDLER datalake_fdw_handler
            VALIDATOR datalake_fdw_validator
            OPTIONS (mpp_execute ''all segments'')';
    END IF;
END $$;
-- Set standard date style for consistent output
SET datestyle = ISO, MDY;
-- Create logging utility function
CREATE OR REPLACE FUNCTION test_log(message text)
RETURNS void AS $$
BEGIN
    RAISE NOTICE '[TEST] %', message;
END;
$$ LANGUAGE plpgsql;
-- Log setup completion
SELECT test_log('Common setup completed');
NOTICE:  [TEST] Common setup completed
 test_log 
----------
 
(1 row)

SELECT test_log('Feature Test: Iceberg Error Paths');
NOTICE:  [TEST] Feature Test: Iceberg Error Paths
 test_log 
----------
 
(1 row)

-- ============================================================
-- Setup: Iceberg catalog and volume
-- ============================================================
CREATE SERVER ne_catalog_server FOREIGN DATA WRAPPER iceberg_catalog_fdw;
CREATE USER MAPPING FOR current_user SERVER ne_catalog_server;
CREATE FOREIGN CATALOG ne_catalog SERVER ne_catalog_server;
SET iceberg_default_catalog = 'ne_catalog';
CREATE SERVER ne_volume_server FOREIGN DATA WRAPPER iceberg_volume_fdw
OPTIONS (type 's3', endpoint 'http://minio:9000', region 'us-east-1',
         bucket_name 'warehouse', path_style_access 'true');
CREATE USER MAPPING FOR current_user SERVER ne_volume_server
OPTIONS (access_key_id 'admin', secret_access_key 'admin12345');
CREATE FOREIGN VOLUME ne_volume SERVER ne_volume_server OPTIONS(base_path '/ne_volume/');
SET iceberg_default_volume = 'ne_volume';
-- ============================================================
-- Test 1: DROP TABLE IF EXISTS on non-existent (no error)
-- ============================================================
SELECT test_log('Test 1: DROP TABLE IF EXISTS non-existent');
NOTICE:  [TEST] Test 1: DROP TABLE IF EXISTS non-existent
 test_log 
----------
 
(1 row)

DROP TABLE IF EXISTS ne_nonexistent_xyz;
NOTICE:  table "ne_nonexistent_xyz" does not exist, skipping
-- ============================================================
-- Test 2: INSERT type mismatch (text into int)
-- ============================================================
SELECT test_log('Test 2: INSERT type mismatch');
NOTICE:  [TEST] Test 2: INSERT type mismatch
 test_log 
----------
 
(1 row)

CREATE ICEBERG TABLE ne_types (id bigint, val int);
DO $$
BEGIN
    INSERT INTO ne_types VALUES ('not_a_number', 'also_not');
EXCEPTION WHEN OTHERS THEN
    -- Truncate to primary message; dlagent stack traces contain
    -- sun.reflect.GeneratedMethodAccessor<N> numbers that differ per JVM run.
    RAISE NOTICE 'Expected error: %', split_part(SQLERRM, E'\n', 1);
END $$;
NOTICE:  Expected error: invalid input syntax for type bigint: "not_a_number"
-- ============================================================
-- Test 3: Valid INSERT after error (recovery)
-- ============================================================
SELECT test_log('Test 3: Valid INSERT after error');
NOTICE:  [TEST] Test 3: Valid INSERT after error
 test_log 
----------
 
(1 row)

INSERT INTO ne_types VALUES (1, 100);
SELECT * FROM ne_types ORDER BY id;
 id | val 
----+-----
  1 | 100
(1 row)

DROP TABLE ne_types;
-- ============================================================
-- Test 4: Toolkit operation on non-existent table
-- ============================================================
SELECT test_log('Test 4: Toolkit on non-existent table');
NOTICE:  [TEST] Test 4: Toolkit on non-existent table
 test_log 
----------
 
(1 row)

DO $$
DECLARE
    result text;
BEGIN
    SELECT iceberg_toolkit.catalog_fdw(
        'load_table', 'public', 'ne_table_does_not_exist',
        'ne_catalog_server', 'ne_catalog',
        'ne_volume_server', 'ne_volume', '')
    INTO result;
    RAISE NOTICE 'Unexpected success';
EXCEPTION WHEN OTHERS THEN
    RAISE NOTICE 'Expected error: %', split_part(SQLERRM, E'\n', 1);
END $$;
NOTICE:  Expected error: internal error, metadataLocation is required for builtin catalog
-- ============================================================
-- Test 5: Invalid volume options
-- ============================================================
SELECT test_log('Test 5: Invalid volume options');
NOTICE:  [TEST] Test 5: Invalid volume options
 test_log 
----------
 
(1 row)

DO $$
BEGIN
    DROP SERVER IF EXISTS ne_bad_vol_server CASCADE;
    CREATE SERVER ne_bad_vol_server FOREIGN DATA WRAPPER iceberg_volume_fdw
    OPTIONS (type 's3', endpoint 'http://invalid_host:9999', region 'us-east-1',
             bucket_name 'nonexistent_bucket', path_style_access 'true');
    CREATE USER MAPPING FOR current_user SERVER ne_bad_vol_server
    OPTIONS (access_key_id 'bad_key', secret_access_key 'bad_secret');
    CREATE FOREIGN VOLUME ne_bad_volume SERVER ne_bad_vol_server OPTIONS(base_path '/bad_path/');
    SET iceberg_default_volume = 'ne_bad_volume';

    CREATE ICEBERG TABLE ne_bad_vol_table (id bigint);
    INSERT INTO ne_bad_vol_table VALUES (1);
    DROP TABLE IF EXISTS ne_bad_vol_table;
    DROP VOLUME IF EXISTS ne_bad_volume;
    DROP USER MAPPING IF EXISTS FOR current_user SERVER ne_bad_vol_server;
    DROP SERVER IF EXISTS ne_bad_vol_server;
EXCEPTION WHEN OTHERS THEN
    RAISE NOTICE 'Expected error: %', split_part(SQLERRM, E'\n', 1);
    DROP TABLE IF EXISTS ne_bad_vol_table;
    DROP VOLUME IF EXISTS ne_bad_volume;
    DROP USER MAPPING IF EXISTS FOR current_user SERVER ne_bad_vol_server;
    DROP SERVER IF EXISTS ne_bad_vol_server;
END $$;
NOTICE:  server "ne_bad_vol_server" does not exist, skipping
NOTICE:  Expected error: Failed to create Iceberg table: HTTP Status: 400, CURL Code: 0
NOTICE:  table "ne_bad_vol_table" does not exist, skipping
NOTICE:  foreign volume "ne_bad_volume" does not exist, skipping
NOTICE:  server "ne_bad_vol_server" does not exist, skipping
NOTICE:  server "ne_bad_vol_server" does not exist, skipping
-- Restore default volume for cleanup
SET iceberg_default_volume = 'ne_volume';
-- ============================================================
-- Cleanup
-- ============================================================
DROP VOLUME ne_volume;
DROP USER MAPPING FOR current_user SERVER ne_volume_server;
DROP SERVER ne_volume_server;
DROP CATALOG ne_catalog;
DROP USER MAPPING FOR current_user SERVER ne_catalog_server;
DROP SERVER ne_catalog_server;
