-- 01_format_writes.sql
-- Test FDW write operations across formats with multi-type readback
\i ../../../lib/sql/common_setup.sql
-- common_setup.sql
-- Base setup for all datalake_fdw tests
-- This file should be included at the beginning of all test SQL files
-- Create required extensions
CREATE EXTENSION IF NOT EXISTS datalake_fdw;
CREATE EXTENSION IF NOT EXISTS hive_connector;
-- gp_exttable_delimiter may not be available in all environments.
-- Silence the "already exists, skipping" NOTICE emitted in CI where the
-- extension has been created by an earlier test or initdb step.
SET client_min_messages = WARNING;
DO $$ BEGIN
    CREATE EXTENSION IF NOT EXISTS gp_exttable_delimiter;
EXCEPTION WHEN OTHERS THEN
    -- Extension not available, skip silently
END $$;
RESET client_min_messages;
-- Create foreign data wrapper if not already present
-- Note: CREATE FOREIGN DATA WRAPPER does not support IF NOT EXISTS syntax
DO $$ BEGIN
    IF NOT EXISTS (SELECT 1 FROM pg_foreign_data_wrapper WHERE fdwname = 'datalake_fdw') THEN
        EXECUTE 'CREATE FOREIGN DATA WRAPPER datalake_fdw
            HANDLER datalake_fdw_handler
            VALIDATOR datalake_fdw_validator
            OPTIONS (mpp_execute ''all segments'')';
    END IF;
END $$;
-- Set standard date style for consistent output
SET datestyle = ISO, MDY;
-- Create logging utility function
CREATE OR REPLACE FUNCTION test_log(message text)
RETURNS void AS $$
BEGIN
    RAISE NOTICE '[TEST] %', message;
END;
$$ LANGUAGE plpgsql;
-- Log setup completion
SELECT test_log('Common setup completed');
NOTICE:  [TEST] Common setup completed
 test_log 
----------
 
(1 row)

SELECT test_log('Feature Test: FDW Format Writes');
NOTICE:  [TEST] Feature Test: FDW Format Writes
 test_log 
----------
 
(1 row)

-- ============================================================
-- Setup: FDW server
-- ============================================================
DROP SERVER IF EXISTS fw_server CASCADE;
NOTICE:  server "fw_server" does not exist, skipping
CREATE SERVER fw_server FOREIGN DATA WRAPPER datalake_fdw
OPTIONS (host 'minio:9000', protocol 's3', isvirtual 'false', ishttps 'false');
CREATE USER MAPPING FOR gpadmin SERVER fw_server
OPTIONS (user 'gpadmin', accesskey 'admin', secretkey 'admin12345');
-- ============================================================
-- Test 1: Parquet multi-type write + readback
-- ============================================================
SELECT test_log('Test 1: Parquet multi-type write + readback');
NOTICE:  [TEST] Test 1: Parquet multi-type write + readback
 test_log 
----------
 
(1 row)

CREATE FOREIGN TABLE fw_parquet_w (
    id int, big_id bigint, label text, amount decimal(10,2),
    flag boolean, d date, ts timestamp
) SERVER fw_server
OPTIONS (filePath '/warehouse/fdw-test/feature/write/parquet/', format 'parquet');
INSERT INTO fw_parquet_w VALUES
    (1, 1000000, 'parquet_row1', 99.99, true, '2024-01-15', '2024-01-15 10:30:00'),
    (2, 2000000, 'parquet_row2', 199.50, false, '2024-06-30', '2024-06-30 14:00:00'),
    (3, 3000000, 'parquet_row3', 0.01, true, '2024-12-31', '2024-12-31 23:59:59');
DROP FOREIGN TABLE fw_parquet_w;
CREATE FOREIGN TABLE fw_parquet_r (
    id int, big_id bigint, label text, amount decimal(10,2),
    flag boolean, d date, ts timestamp
) SERVER fw_server
OPTIONS (filePath '/warehouse/fdw-test/feature/write/parquet/', format 'parquet');
SELECT * FROM fw_parquet_r ORDER BY id;
 id | big_id  |    label     | amount | flag |     d      |         ts          
----+---------+--------------+--------+------+------------+---------------------
  1 | 1000000 | parquet_row1 |  99.99 | t    | 2024-01-15 | 2024-01-15 10:30:00
  2 | 2000000 | parquet_row2 | 199.50 | f    | 2024-06-30 | 2024-06-30 14:00:00
  3 | 3000000 | parquet_row3 |   0.01 | t    | 2024-12-31 | 2024-12-31 23:59:59
(3 rows)

SELECT COUNT(*) AS parquet_rows FROM fw_parquet_r;
 parquet_rows 
--------------
            3
(1 row)

DROP FOREIGN TABLE fw_parquet_r;
-- ============================================================
-- Test 2: ORC multi-type write + readback
-- ============================================================
SELECT test_log('Test 2: ORC multi-type write + readback');
NOTICE:  [TEST] Test 2: ORC multi-type write + readback
 test_log 
----------
 
(1 row)

CREATE FOREIGN TABLE fw_orc_w (
    id int, big_id bigint, label text, amount decimal(10,2),
    flag boolean, d date, ts timestamp
) SERVER fw_server
OPTIONS (filePath '/warehouse/fdw-test/feature/write/orc/', format 'orc');
INSERT INTO fw_orc_w VALUES
    (1, 100, 'orc_row1', 11.11, true, '2024-02-01', '2024-02-01 08:00:00'),
    (2, 200, 'orc_row2', 22.22, false, '2024-07-15', '2024-07-15 16:30:00'),
    (3, 300, 'orc_row3', 33.33, true, '2024-11-20', '2024-11-20 12:00:00');
DROP FOREIGN TABLE fw_orc_w;
CREATE FOREIGN TABLE fw_orc_r (
    id int, big_id bigint, label text, amount decimal(10,2),
    flag boolean, d date, ts timestamp
) SERVER fw_server
OPTIONS (filePath '/warehouse/fdw-test/feature/write/orc/', format 'orc');
SELECT * FROM fw_orc_r ORDER BY id;
 id | big_id |  label   | amount | flag |     d      |         ts          
----+--------+----------+--------+------+------------+---------------------
  1 |    100 | orc_row1 |  11.11 | t    | 2024-02-01 | 2024-02-01 08:00:00
  2 |    200 | orc_row2 |  22.22 | f    | 2024-07-15 | 2024-07-15 16:30:00
  3 |    300 | orc_row3 |  33.33 | t    | 2024-11-20 | 2024-11-20 12:00:00
(3 rows)

SELECT COUNT(*) AS orc_rows FROM fw_orc_r;
 orc_rows 
----------
        3
(1 row)

DROP FOREIGN TABLE fw_orc_r;
-- ============================================================
-- Test 3: Avro write + readback
-- ============================================================
SELECT test_log('Test 3: Avro write + readback');
NOTICE:  [TEST] Test 3: Avro write + readback
 test_log 
----------
 
(1 row)

CREATE FOREIGN TABLE fw_avro_w (
    id int, big_id bigint, val_r real, val_d double precision,
    label text, flag boolean
) SERVER fw_server
OPTIONS (filePath '/warehouse/fdw-test/feature/write/avro/', format 'avro');
INSERT INTO fw_avro_w VALUES
    (1, 100, 3.14, 2.718281828, 'avro_1', true),
    (2, 200, -1.5, 99.999, 'avro_2', false),
    (3, 300, 0.0, 0.0, 'avro_3', true);
DROP FOREIGN TABLE fw_avro_w;
CREATE FOREIGN TABLE fw_avro_r (
    id int, big_id bigint, val_r real, val_d double precision,
    label text, flag boolean
) SERVER fw_server
OPTIONS (filePath '/warehouse/fdw-test/feature/write/avro/', format 'avro');
SELECT * FROM fw_avro_r ORDER BY id;
 id | big_id | val_r |    val_d    | label  | flag 
----+--------+-------+-------------+--------+------
  1 |    100 |  3.14 | 2.718281828 | avro_1 | t
  2 |    200 |  -1.5 |      99.999 | avro_2 | f
  3 |    300 |     0 |           0 | avro_3 | t
(3 rows)

SELECT COUNT(*) AS avro_rows FROM fw_avro_r;
 avro_rows 
-----------
         3
(1 row)

DROP FOREIGN TABLE fw_avro_r;
-- ============================================================
-- Test 4: COUNT consistency across formats
-- ============================================================
SELECT test_log('Test 4: COUNT consistency across formats');
NOTICE:  [TEST] Test 4: COUNT consistency across formats
 test_log 
----------
 
(1 row)

-- Re-read all three formats to verify counts
CREATE FOREIGN TABLE fw_cnt_p (id int, big_id bigint, label text, amount decimal(10,2), flag boolean, d date, ts timestamp)
SERVER fw_server OPTIONS (filePath '/warehouse/fdw-test/feature/write/parquet/', format 'parquet');
CREATE FOREIGN TABLE fw_cnt_o (id int, big_id bigint, label text, amount decimal(10,2), flag boolean, d date, ts timestamp)
SERVER fw_server OPTIONS (filePath '/warehouse/fdw-test/feature/write/orc/', format 'orc');
CREATE FOREIGN TABLE fw_cnt_a (id int, big_id bigint, val_r real, val_d double precision, label text, flag boolean)
SERVER fw_server OPTIONS (filePath '/warehouse/fdw-test/feature/write/avro/', format 'avro');
SELECT 'parquet' AS fmt, COUNT(*) FROM fw_cnt_p
UNION ALL
SELECT 'orc', COUNT(*) FROM fw_cnt_o
UNION ALL
SELECT 'avro', COUNT(*) FROM fw_cnt_a
ORDER BY fmt;
   fmt   | count 
---------+-------
 avro    |     3
 orc     |     3
 parquet |     3
(3 rows)

DROP FOREIGN TABLE fw_cnt_p;
DROP FOREIGN TABLE fw_cnt_o;
DROP FOREIGN TABLE fw_cnt_a;
-- ============================================================
-- Cleanup
-- ============================================================
DROP USER MAPPING FOR gpadmin SERVER fw_server;
DROP SERVER fw_server;
