-- Polaris Toolkit Operations Test
-- Purpose: Trigger polaris-specific toolkit functions
-- Target: iceberg_toolkit_catalog_fdw.c (polaris_list_catalogs, polaris_list_namespaces)
--         iceberg_catalog_fdw.c (addPolarisCatalogConfig, build_create_catalog_json, etc.)
CREATE EXTENSION IF NOT EXISTS datalake_fdw;
NOTICE:  extension "datalake_fdw" already exists, skipping
-- Polaris catalog setup
CREATE SERVER ptk_catalog_server FOREIGN DATA WRAPPER iceberg_catalog_fdw
OPTIONS (type 'polaris', url 'http://polaris:8181/api/catalog');
CREATE USER MAPPING FOR current_user SERVER ptk_catalog_server
OPTIONS (client_id 'root', client_secret 's3cr3t', scope 'PRINCIPAL_ROLE:ALL');
CREATE FOREIGN CATALOG ptk_catalog SERVER ptk_catalog_server
OPTIONS (catalog_name 'polaris_default_catalog');
SET iceberg_default_catalog = 'ptk_catalog';
-- Volume setup
CREATE SERVER ptk_volume_server FOREIGN DATA WRAPPER iceberg_volume_fdw
OPTIONS (type 's3', endpoint 'http://minio:9000', region 'us-west-2',
         bucket_name 'warehouse', path_style_access 'true');
CREATE USER MAPPING FOR current_user SERVER ptk_volume_server
OPTIONS (access_key_id 'admin', secret_access_key 'admin12345');
CREATE FOREIGN VOLUME ptk_volume SERVER ptk_volume_server OPTIONS(base_path '/');
SET iceberg_default_volume = 'ptk_volume';
-- Create test table
CREATE ICEBERG TABLE ptk_test (id bigint, name text)
OPTIONS (namespace 'public', table 'ptk_test');
INSERT INTO ptk_test VALUES (1, 'polaris_a'), (2, 'polaris_b'), (3, 'polaris_c');
-- ============================================================
-- Test 1: polaris_list_catalogs (SQL function)
-- ============================================================
SET client_min_messages = WARNING;
DO $$
DECLARE r text;
BEGIN
    SELECT iceberg_toolkit.polaris_list_catalogs(
        'ptk_catalog_server', 'ptk_catalog') INTO r;
    RAISE NOTICE 'polaris_list_catalogs: %', substring(r from 1 for 100);
EXCEPTION WHEN OTHERS THEN
    RAISE NOTICE 'polaris_list_catalogs error: %', SQLERRM;
END;
$$;
RESET client_min_messages;
-- ============================================================
-- Test 2: polaris_list_namespaces (SQL function)
-- ============================================================
SET client_min_messages = WARNING;
DO $$
DECLARE r text;
BEGIN
    SELECT iceberg_toolkit.polaris_list_namespaces(
        'ptk_catalog_server', 'ptk_catalog') INTO r;
    RAISE NOTICE 'polaris_list_namespaces: %', substring(r from 1 for 100);
EXCEPTION WHEN OTHERS THEN
    RAISE NOTICE 'polaris_list_namespaces error: %', SQLERRM;
END;
$$;
RESET client_min_messages;
-- ============================================================
-- Test 3: Toolkit operations with Polaris catalog
-- ============================================================
-- get_statistics
SELECT
    result::json->'fragments'->>'total-records' AS total_records
FROM (
    SELECT iceberg_toolkit.catalog_fdw(
        'get_statistics', 'public', 'ptk_test',
        'ptk_catalog_server', 'ptk_catalog',
        'ptk_volume_server', 'ptk_volume', '') AS result
) t;
 total_records 
---------------
 3
(1 row)

-- plan_file_groups
SELECT
    result::json->>'status' AS status
FROM (
    SELECT iceberg_toolkit.catalog_fdw(
        'plan_file_groups', 'public', 'ptk_test',
        'ptk_catalog_server', 'ptk_catalog',
        'ptk_volume_server', 'ptk_volume', '') AS result
) t;
 status  
---------
 success
(1 row)

-- list_catalog via generic toolkit
SET client_min_messages = WARNING;
DO $$
DECLARE r text;
BEGIN
    SELECT iceberg_toolkit.catalog_fdw(
        'list_catalog', 'public', 'ptk_test',
        'ptk_catalog_server', 'ptk_catalog',
        'ptk_volume_server', 'ptk_volume', '') INTO r;
    RAISE NOTICE 'list_catalog via toolkit: %', substring(r from 1 for 100);
EXCEPTION WHEN OTHERS THEN
    RAISE NOTICE 'list_catalog error: %', SQLERRM;
END;
$$;
RESET client_min_messages;
-- list_namespace via generic toolkit
SET client_min_messages = WARNING;
DO $$
DECLARE r text;
BEGIN
    SELECT iceberg_toolkit.catalog_fdw(
        'list_namespace', 'public', 'ptk_test',
        'ptk_catalog_server', 'ptk_catalog',
        'ptk_volume_server', 'ptk_volume', '') INTO r;
    RAISE NOTICE 'list_namespace via toolkit: %', substring(r from 1 for 100);
EXCEPTION WHEN OTHERS THEN
    RAISE NOTICE 'list_namespace error: %', SQLERRM;
END;
$$;
RESET client_min_messages;
-- ============================================================
-- Test 4: UPDATE + DELETE on Polaris table
-- ============================================================
UPDATE ptk_test SET name = 'updated' WHERE id = 1;
DELETE FROM ptk_test WHERE id = 2;
SELECT * FROM ptk_test ORDER BY id;
 id |   name    
----+-----------
  1 | updated
  3 | polaris_c
(2 rows)

-- ============================================================
-- Cleanup
-- ============================================================
DROP TABLE ptk_test;
DROP VOLUME ptk_volume;
DROP USER MAPPING FOR current_user SERVER ptk_volume_server;
DROP SERVER ptk_volume_server;
DROP CATALOG ptk_catalog;
DROP USER MAPPING FOR current_user SERVER ptk_catalog_server;
DROP SERVER ptk_catalog_server;
