-- Regression coverage for vec Motion hash on TIMESTAMP / TIMESTAMPTZ / TIME.
--
-- Without motion_rewrite_numeric_type_schema() relabelling these arrow
-- types to int64, Gandiva fails projector init with:
--   "Function int32 cohash32(timestamp[us]) not supported yet".
SET vector.enable_vectorization = ON;
DROP TABLE IF EXISTS vec_motion_time_redist;
NOTICE:  table "vec_motion_time_redist" does not exist, skipping
CREATE TABLE vec_motion_time_redist (
    id  int,
    ts  timestamp,
    tsz timestamptz,
    tm  time
) WITH (appendonly=true, orientation=column) DISTRIBUTED BY (id);
INSERT INTO vec_motion_time_redist VALUES
    (1, '2020-01-01 00:00:00', '2020-01-01 00:00:00+00', '00:00:00'),
    (2, '2020-01-01 00:01:00', '2020-01-01 00:01:00+00', '00:01:00'),
    (3, '2020-01-01 00:02:00', '2020-01-01 00:02:00+00', '00:02:00');
-- TIMESTAMP: plan should show Vec Redistribute Motion with Hash Key: ts.
EXPLAIN (VERBOSE, COSTS OFF)
SELECT count(*) AS n FROM (SELECT ts  FROM vec_motion_time_redist GROUP BY ts)  s;
                                 QUERY PLAN
-----------------------------------------------------------------------------
 Vec Aggregate
   Output: count(*)
   ->  Vec Gather Motion 3:1  (slice1; segments: 3)
         ->  Vec GroupAggregate
               Group Key: vec_motion_time_redist.ts
               Vec Plan Merge:  1 child
               ->  Vec Sort
                     Output: ts
                     Sort Key: vec_motion_time_redist.ts
                     ->  Vec Redistribute Motion 3:3  (slice2; segments: 3)
                           Output: ts
                           Hash Key: ts
                           ->  Vec Seq Scan on public.vec_motion_time_redist
                                 Output: ts
 Settings: enable_parallel = 'off', optimizer = 'on'
 Optimizer: GPORCA
(15 rows)

SELECT count(*) AS n FROM (SELECT ts  FROM vec_motion_time_redist GROUP BY ts)  s;
 n 
---
 3
(1 row)

-- TIMESTAMPTZ: GPORCA currently falls back to row engine for this plan
-- shape, so the Motion is a plain Redistribute Motion.  We keep the query
-- for forward coverage if the engine ever vectorises this path.
EXPLAIN (VERBOSE, COSTS OFF)
SELECT count(*) AS n FROM (SELECT tsz FROM vec_motion_time_redist GROUP BY tsz) s;
                               QUERY PLAN
-------------------------------------------------------------------------
 Aggregate
   Output: count(*)
   ->  Gather Motion 3:1  (slice1; segments: 3)
         ->  GroupAggregate
               Group Key: vec_motion_time_redist.tsz
               ->  Sort
                     Output: tsz
                     Sort Key: vec_motion_time_redist.tsz
                     ->  Redistribute Motion 3:3  (slice2; segments: 3)
                           Output: tsz
                           Hash Key: tsz
                           ->  Seq Scan on public.vec_motion_time_redist
                                 Output: tsz
 Settings: enable_parallel = 'off', optimizer = 'on'
 Optimizer: GPORCA
(15 rows)

SELECT count(*) AS n FROM (SELECT tsz FROM vec_motion_time_redist GROUP BY tsz) s;
 n 
---
 3
(1 row)

-- TIME: plan should show Vec Redistribute Motion with Hash Key: tm.
EXPLAIN (VERBOSE, COSTS OFF)
SELECT count(*) AS n FROM (SELECT tm  FROM vec_motion_time_redist GROUP BY tm)  s;
                                 QUERY PLAN
-----------------------------------------------------------------------------
 Vec Aggregate
   Output: count(*)
   ->  Vec Gather Motion 3:1  (slice1; segments: 3)
         ->  Vec GroupAggregate
               Group Key: vec_motion_time_redist.tm
               Vec Plan Merge:  1 child
               ->  Vec Sort
                     Output: tm
                     Sort Key: vec_motion_time_redist.tm
                     ->  Vec Redistribute Motion 3:3  (slice2; segments: 3)
                           Output: tm
                           Hash Key: tm
                           ->  Vec Seq Scan on public.vec_motion_time_redist
                                 Output: tm
 Settings: enable_parallel = 'off', optimizer = 'on'
 Optimizer: GPORCA
(15 rows)

SELECT count(*) AS n FROM (SELECT tm  FROM vec_motion_time_redist GROUP BY tm)  s;
 n 
---
 3
(1 row)

DROP TABLE vec_motion_time_redist;
