-- 01_hudi_basic.sql
-- Test Hudi basic read operations
\i ../../../lib/sql/common_setup.sql
-- common_setup.sql
-- Base setup for all datalake_fdw tests
-- This file should be included at the beginning of all test SQL files
-- Create required extensions
CREATE EXTENSION IF NOT EXISTS datalake_fdw;
CREATE EXTENSION IF NOT EXISTS hive_connector;
-- gp_exttable_delimiter may not be available in all environments.
-- Silence the "already exists, skipping" NOTICE emitted in CI where the
-- extension has been created by an earlier test or initdb step.
SET client_min_messages = WARNING;
DO $$ BEGIN
    CREATE EXTENSION IF NOT EXISTS gp_exttable_delimiter;
EXCEPTION WHEN OTHERS THEN
    -- Extension not available, skip silently
END $$;
RESET client_min_messages;
-- Create foreign data wrapper if not already present
-- Note: CREATE FOREIGN DATA WRAPPER does not support IF NOT EXISTS syntax
DO $$ BEGIN
    IF NOT EXISTS (SELECT 1 FROM pg_foreign_data_wrapper WHERE fdwname = 'datalake_fdw') THEN
        EXECUTE 'CREATE FOREIGN DATA WRAPPER datalake_fdw
            HANDLER datalake_fdw_handler
            VALIDATOR datalake_fdw_validator
            OPTIONS (mpp_execute ''all segments'')';
    END IF;
END $$;
-- Set standard date style for consistent output
SET datestyle = ISO, MDY;
-- Create logging utility function
CREATE OR REPLACE FUNCTION test_log(message text)
RETURNS void AS $$
BEGIN
    RAISE NOTICE '[TEST] %', message;
END;
$$ LANGUAGE plpgsql;
-- Log setup completion
SELECT test_log('Common setup completed');
NOTICE:  [TEST] Common setup completed
 test_log 
----------
 
(1 row)

SELECT test_log('Feature Test: Hudi Basic Reads');
NOTICE:  [TEST] Feature Test: Hudi Basic Reads
 test_log 
----------
 
(1 row)

-- ============================================================
-- Setup: Hudi server (HDFS-based for Hudi tables)
-- ============================================================
DROP SERVER IF EXISTS hudi_ft_server CASCADE;
NOTICE:  server "hudi_ft_server" does not exist, skipping
CREATE SERVER hudi_ft_server FOREIGN DATA WRAPPER datalake_fdw
OPTIONS (hdfs_namenodes 'hadoop', hdfs_port '8020', protocol 'hdfs',
         hdfs_auth_method 'simple', hadoop_rpc_protection 'authentication');
CREATE USER MAPPING FOR gpadmin SERVER hudi_ft_server OPTIONS (user 'gpadmin');
-- ============================================================
-- Test 1: COW table full read + COUNT
-- ============================================================
SELECT test_log('Test 1: COW table full read');
NOTICE:  [TEST] Test 1: COW table full read
 test_log 
----------
 
(1 row)

CREATE FOREIGN TABLE hb_cow (id bigint, name text, price double precision, ts bigint)
SERVER hudi_ft_server
OPTIONS (filePath 'default.hudi_cow_table', catalog_type 'hive', server_name 'hive_cluster',
         hdfs_cluster_name 'paa_cluster', table_identifier 'default.hudi_cow_table', format 'hudi');
SELECT * FROM hb_cow ORDER BY id LIMIT 10;
 id |  name   | price  |  ts  
----+---------+--------+------
  1 | Alice   |    100 | 1000
  2 | Bob     |  200.5 | 1001
  3 | Charlie |  50.75 | 1002
  4 | David   |    300 | 1003
  5 | Eve     | 150.25 | 1004
(5 rows)

SELECT COUNT(*) AS cow_count FROM hb_cow;
 cow_count 
-----------
         5
(1 row)

-- ============================================================
-- Test 2: COW table ORDER BY
-- ============================================================
SELECT test_log('Test 2: COW table ORDER BY');
NOTICE:  [TEST] Test 2: COW table ORDER BY
 test_log 
----------
 
(1 row)

SELECT id, name FROM hb_cow ORDER BY id;
 id |  name   
----+---------
  1 | Alice
  2 | Bob
  3 | Charlie
  4 | David
  5 | Eve
(5 rows)

SELECT id, name FROM hb_cow ORDER BY name;
 id |  name   
----+---------
  1 | Alice
  2 | Bob
  3 | Charlie
  4 | David
  5 | Eve
(5 rows)

-- ============================================================
-- Test 3: MOR table full read + COUNT
-- ============================================================
SELECT test_log('Test 3: MOR table full read');
NOTICE:  [TEST] Test 3: MOR table full read
 test_log 
----------
 
(1 row)

CREATE FOREIGN TABLE hb_mor (id bigint, name text, price double precision, ts bigint)
SERVER hudi_ft_server
OPTIONS (filePath 'default.hudi_mor_table_rt', catalog_type 'hive', server_name 'hive_cluster',
         hdfs_cluster_name 'paa_cluster', table_identifier 'default.hudi_mor_table_rt', format 'hudi');
SELECT * FROM hb_mor ORDER BY id LIMIT 10;
 id |    name    | price  |  ts  
----+------------+--------+------
  1 | Laptop     | 999.99 | 2000
  2 | Mouse Pro  |  39.99 | 2010
  3 | Keyboard   |  79.99 | 2002
  4 | Monitor 4K | 499.99 | 2011
  5 | Headset    | 149.99 | 2004
(5 rows)

SELECT COUNT(*) AS mor_count FROM hb_mor;
 mor_count 
-----------
         5
(1 row)

-- ============================================================
-- Test 4: MOR table ORDER BY
-- ============================================================
SELECT test_log('Test 4: MOR table ORDER BY');
NOTICE:  [TEST] Test 4: MOR table ORDER BY
 test_log 
----------
 
(1 row)

SELECT id, name FROM hb_mor ORDER BY id;
 id |    name    
----+------------
  1 | Laptop
  2 | Mouse Pro
  3 | Keyboard
  4 | Monitor 4K
  5 | Headset
(5 rows)

-- ============================================================
-- Test 5: NULL table read
-- ============================================================
SELECT test_log('Test 5: NULL table read');
NOTICE:  [TEST] Test 5: NULL table read
 test_log 
----------
 
(1 row)

CREATE FOREIGN TABLE hb_nulls (id bigint, name text, val int, ts bigint)
SERVER hudi_ft_server
OPTIONS (filePath 'default.hudi_null_table', catalog_type 'hive', server_name 'hive_cluster',
         hdfs_cluster_name 'paa_cluster', table_identifier 'default.hudi_null_table', format 'hudi');
SELECT * FROM hb_nulls ORDER BY id LIMIT 10;
 id |  name   | val |  ts  
----+---------+-----+------
  1 | has_all | 100 | 3000
  2 |         | 200 | 3001
  3 | no_val  |     | 3002
  4 |         |     | 3003
(4 rows)

-- ============================================================
-- Test 6: IS NULL / IS NOT NULL checks
-- ============================================================
SELECT test_log('Test 6: IS NULL / IS NOT NULL');
NOTICE:  [TEST] Test 6: IS NULL / IS NOT NULL
 test_log 
----------
 
(1 row)

SELECT COUNT(*) AS null_names FROM hb_nulls WHERE name IS NULL;
 null_names 
------------
          2
(1 row)

SELECT COUNT(*) AS notnull_names FROM hb_nulls WHERE name IS NOT NULL;
 notnull_names 
---------------
             2
(1 row)

SELECT COUNT(*) AS null_vals FROM hb_nulls WHERE val IS NULL;
 null_vals 
-----------
         2
(1 row)

-- ============================================================
-- Cleanup
-- ============================================================
DROP FOREIGN TABLE hb_cow;
DROP FOREIGN TABLE hb_mor;
DROP FOREIGN TABLE hb_nulls;
DROP USER MAPPING FOR gpadmin SERVER hudi_ft_server;
DROP SERVER hudi_ft_server;
