-- Regression test for rewrite_tl_keys: when a Vec GroupAggregate's
-- targetList contains only Const entries (e.g. GPORCA pruned all the
-- group-by columns out of the SELECT list and left only a literal),
-- the old code zeroed pcontext->keys/nkey and the agg silently routed
-- to Arrow's ScalarAggregateNode with 0 kernels, which hard-codes the
-- output to ExecBatch{values={}, length=1}. Per-segment count then
-- collapsed to 1, producing wrong totals.
--
-- See execMain.c::rewrite_tl_keys.
SET vector.enable_vectorization = on;
SET optimizer = on;        -- GPORCA is required to trigger the Const-only output pruning
DROP TABLE IF EXISTS vec_ss_t_a;
NOTICE:  table "vec_ss_t_a" does not exist, skipping
DROP TABLE IF EXISTS vec_ss_t_b;
NOTICE:  table "vec_ss_t_b" does not exist, skipping
CREATE TABLE vec_ss_t_a (k int) USING pax;
NOTICE:  Table doesn't have 'DISTRIBUTED BY' clause -- Using column named 'k' as the Apache Cloudberry data distribution key for this table.
HINT:  The 'DISTRIBUTED BY' clause determines the distribution of data. Make sure column(s) chosen are the optimal data distribution key to minimize skew.
CREATE TABLE vec_ss_t_b (k int) USING pax;
NOTICE:  Table doesn't have 'DISTRIBUTED BY' clause -- Using column named 'k' as the Apache Cloudberry data distribution key for this table.
HINT:  The 'DISTRIBUTED BY' clause determines the distribution of data. Make sure column(s) chosen are the optimal data distribution key to minimize skew.
INSERT INTO vec_ss_t_a SELECT generate_series(1, 100);
INSERT INTO vec_ss_t_b SELECT generate_series(1, 200);
ANALYZE vec_ss_t_a;
ANALYZE vec_ss_t_b;
-- Case 1: original reproducer (Append + Const-only children).
-- Expected: A=100, B=200 (count of distinct k values per side).
SELECT label, count(*) AS n
  FROM (
    SELECT 'A' AS label, k FROM vec_ss_t_a GROUP BY k
    UNION ALL
    SELECT 'B' AS label, k FROM vec_ss_t_b GROUP BY k
  ) x
  GROUP BY label
  ORDER BY label;
 label |  n  
-------+-----
 A     | 100
 B     | 200
(2 rows)

-- Case 2: minimal reproducer without Append (single Const-only child).
-- Expected: A=100.
SELECT label, count(*) AS n
  FROM (SELECT 'A' AS label, k FROM vec_ss_t_a GROUP BY k) x
  GROUP BY label;
 label |  n  
-------+-----
 A     | 100
(1 row)

-- Case 3: Var-only targetList (case2 in rewrite_tl_keys header comment).
-- Regression check: must still return 3 sorted rows, not collapse.
SELECT k FROM vec_ss_t_a GROUP BY k ORDER BY k LIMIT 3;
 k 
---
 1
 2
 3
(3 rows)

-- Case 4: mixed Const + Var targetList.
-- Regression check: Const broadcast + group-by must both work.
SELECT 'X' AS lbl, k FROM vec_ss_t_a GROUP BY k ORDER BY k LIMIT 3;
 lbl | k 
-----+---
 X   | 1
 X   | 2
 X   | 3
(3 rows)

-- Case 5: GROUP BY with a real aggref (not affected by rewrite_tl_keys
-- since the call site is gated on !aggInfos, but kept as a sanity guard).
SELECT k, count(*) FROM vec_ss_t_a GROUP BY k ORDER BY k LIMIT 3;
 k | count 
---+-------
 1 |     1
 2 |     1
 3 |     1
(3 rows)

-- Case 6: nested UNION ALL where the outer agg uses a Var (sum(k)) so
-- GPORCA cannot prune k from the children. Expected sums:
--   A: 1+2+...+100  = 5050
--   B: 1+2+...+200  = 20100
SELECT label, sum(k) AS s
  FROM (
    SELECT 'A' AS label, k FROM vec_ss_t_a GROUP BY k
    UNION ALL
    SELECT 'B' AS label, k FROM vec_ss_t_b GROUP BY k
  ) x
  GROUP BY label
  ORDER BY label;
 label |   s   
-------+-------
 A     |  5050
 B     | 20100
(2 rows)

DROP TABLE vec_ss_t_a;
DROP TABLE vec_ss_t_b;
RESET vector.enable_vectorization;
RESET optimizer;
