-- 01_filter_pushdown.sql
-- Test FDW filter pushdown operations
\i ../../../lib/sql/common_setup.sql
-- common_setup.sql
-- Base setup for all datalake_fdw tests
-- This file should be included at the beginning of all test SQL files
-- Create required extensions
CREATE EXTENSION IF NOT EXISTS datalake_fdw;
CREATE EXTENSION IF NOT EXISTS hive_connector;
-- gp_exttable_delimiter may not be available in all environments.
-- Silence the "already exists, skipping" NOTICE emitted in CI where the
-- extension has been created by an earlier test or initdb step.
SET client_min_messages = WARNING;
DO $$ BEGIN
    CREATE EXTENSION IF NOT EXISTS gp_exttable_delimiter;
EXCEPTION WHEN OTHERS THEN
    -- Extension not available, skip silently
END $$;
RESET client_min_messages;
-- Create foreign data wrapper if not already present
-- Note: CREATE FOREIGN DATA WRAPPER does not support IF NOT EXISTS syntax
DO $$ BEGIN
    IF NOT EXISTS (SELECT 1 FROM pg_foreign_data_wrapper WHERE fdwname = 'datalake_fdw') THEN
        EXECUTE 'CREATE FOREIGN DATA WRAPPER datalake_fdw
            HANDLER datalake_fdw_handler
            VALIDATOR datalake_fdw_validator
            OPTIONS (mpp_execute ''all segments'')';
    END IF;
END $$;
-- Set standard date style for consistent output
SET datestyle = ISO, MDY;
-- Create logging utility function
CREATE OR REPLACE FUNCTION test_log(message text)
RETURNS void AS $$
BEGIN
    RAISE NOTICE '[TEST] %', message;
END;
$$ LANGUAGE plpgsql;
-- Log setup completion
SELECT test_log('Common setup completed');
NOTICE:  [TEST] Common setup completed
 test_log 
----------
 
(1 row)

SELECT test_log('Feature Test: FDW Filter Pushdown');
NOTICE:  [TEST] Feature Test: FDW Filter Pushdown
 test_log 
----------
 
(1 row)

-- ============================================================
-- Setup: FDW server and write test data
-- ============================================================
DROP SERVER IF EXISTS fp_server CASCADE;
NOTICE:  server "fp_server" does not exist, skipping
CREATE SERVER fp_server FOREIGN DATA WRAPPER datalake_fdw
OPTIONS (host 'minio:9000', protocol 's3', isvirtual 'false', ishttps 'false');
CREATE USER MAPPING FOR gpadmin SERVER fp_server
OPTIONS (user 'gpadmin', accesskey 'admin', secretkey 'admin12345');
-- Write 1000 rows of test data
CREATE FOREIGN TABLE fp_data_w (
    id int, name text, amount decimal(10,2), flag boolean, category int
) SERVER fp_server
OPTIONS (filePath '/warehouse/fdw-test/feature/pushdown/basic/', format 'parquet');
INSERT INTO fp_data_w
SELECT g,
       'item_' || g,
       (g * 1.5)::decimal(10,2),
       (g % 2 = 0),
       g % 10
FROM generate_series(1, 1000) g;
DROP FOREIGN TABLE fp_data_w;
CREATE FOREIGN TABLE fp_data_r (
    id int, name text, amount decimal(10,2), flag boolean, category int
) SERVER fp_server
OPTIONS (filePath '/warehouse/fdw-test/feature/pushdown/basic/', format 'parquet');
-- ============================================================
-- Test 1: Equality on int, text, boolean
-- ============================================================
SELECT test_log('Test 1: Equality pushdown');
NOTICE:  [TEST] Test 1: Equality pushdown
 test_log 
----------
 
(1 row)

SELECT id, name FROM fp_data_r WHERE id = 500;
 id  |   name   
-----+----------
 500 | item_500
(1 row)

SELECT id, name FROM fp_data_r WHERE name = 'item_1';
 id |  name  
----+--------
  1 | item_1
(1 row)

SELECT COUNT(*) AS true_count FROM fp_data_r WHERE flag = true;
 true_count 
------------
        500
(1 row)

-- ============================================================
-- Test 2: Inequality operators
-- ============================================================
SELECT test_log('Test 2: Inequality pushdown');
NOTICE:  [TEST] Test 2: Inequality pushdown
 test_log 
----------
 
(1 row)

SELECT COUNT(*) AS ne_count FROM fp_data_r WHERE id != 500;
 ne_count 
----------
      999
(1 row)

SELECT COUNT(*) AS gt_count FROM fp_data_r WHERE id > 990;
 gt_count 
----------
       10
(1 row)

SELECT COUNT(*) AS lt_count FROM fp_data_r WHERE id < 11;
 lt_count 
----------
       10
(1 row)

SELECT COUNT(*) AS gte_count FROM fp_data_r WHERE id >= 999;
 gte_count 
-----------
         2
(1 row)

SELECT COUNT(*) AS lte_count FROM fp_data_r WHERE id <= 2;
 lte_count 
-----------
         2
(1 row)

-- ============================================================
-- Test 3: IS NULL / IS NOT NULL
-- ============================================================
SELECT test_log('Test 3: IS NULL / IS NOT NULL');
NOTICE:  [TEST] Test 3: IS NULL / IS NOT NULL
 test_log 
----------
 
(1 row)

SELECT COUNT(*) AS not_null_names FROM fp_data_r WHERE name IS NOT NULL;
 not_null_names 
----------------
           1000
(1 row)

SELECT COUNT(*) AS null_names FROM fp_data_r WHERE name IS NULL;
 null_names 
------------
          0
(1 row)

-- ============================================================
-- Test 4: IN operator
-- ============================================================
SELECT test_log('Test 4: IN operator');
NOTICE:  [TEST] Test 4: IN operator
 test_log 
----------
 
(1 row)

SELECT id, name FROM fp_data_r WHERE id IN (1, 50, 100, 500, 1000) ORDER BY id;
  id  |   name    
------+-----------
    1 | item_1
   50 | item_50
  100 | item_100
  500 | item_500
 1000 | item_1000
(5 rows)

SELECT COUNT(*) AS in_cats FROM fp_data_r WHERE category IN (0, 5);
 in_cats 
---------
     200
(1 row)

-- ============================================================
-- Test 5: BETWEEN
-- ============================================================
SELECT test_log('Test 5: BETWEEN');
NOTICE:  [TEST] Test 5: BETWEEN
 test_log 
----------
 
(1 row)

SELECT COUNT(*) AS between_count FROM fp_data_r WHERE id BETWEEN 100 AND 200;
 between_count 
---------------
           101
(1 row)

SELECT COUNT(*) AS between_amt FROM fp_data_r WHERE amount BETWEEN 100.00 AND 200.00;
 between_amt 
-------------
          67
(1 row)

-- ============================================================
-- Test 6: AND / OR compounds
-- ============================================================
SELECT test_log('Test 6: AND / OR compound filters');
NOTICE:  [TEST] Test 6: AND / OR compound filters
 test_log 
----------
 
(1 row)

SELECT COUNT(*) AS and_count FROM fp_data_r WHERE flag = true AND category = 0;
 and_count 
-----------
       100
(1 row)

SELECT COUNT(*) AS or_count FROM fp_data_r WHERE id < 10 OR id > 990;
 or_count 
----------
       19
(1 row)

SELECT COUNT(*) AS complex FROM fp_data_r
WHERE (flag = true AND amount > 500.00) OR (category = 0 AND id < 100);
 complex 
---------
     343
(1 row)

-- ============================================================
-- Cleanup
-- ============================================================
DROP FOREIGN TABLE fp_data_r;
DROP USER MAPPING FOR gpadmin SERVER fp_server;
DROP SERVER fp_server;
