-- Normalize C/C++ source locations appended to backend error messages so the
-- test does not break when unrelated changes shift line numbers.
-- start_matchsubs
-- m/\(hive_connector\.c:\d+\)/
-- s/\(hive_connector\.c:\d+\)/(hive_connector.c:XXX)/
-- end_matchsubs
-- 01_numeric_types.sql
-- Test numeric data type support
\i ../../../lib/sql/common_setup.sql
-- common_setup.sql
-- Base setup for all datalake_fdw tests
-- This file should be included at the beginning of all test SQL files
-- Create required extensions
CREATE EXTENSION IF NOT EXISTS datalake_fdw;
CREATE EXTENSION IF NOT EXISTS hive_connector;
-- gp_exttable_delimiter may not be available in all environments.
-- Silence the "already exists, skipping" NOTICE emitted in CI where the
-- extension has been created by an earlier test or initdb step.
SET client_min_messages = WARNING;
DO $$ BEGIN
    CREATE EXTENSION IF NOT EXISTS gp_exttable_delimiter;
EXCEPTION WHEN OTHERS THEN
    -- Extension not available, skip silently
END $$;
RESET client_min_messages;
-- Create foreign data wrapper if not already present
-- Note: CREATE FOREIGN DATA WRAPPER does not support IF NOT EXISTS syntax
DO $$ BEGIN
    IF NOT EXISTS (SELECT 1 FROM pg_foreign_data_wrapper WHERE fdwname = 'datalake_fdw') THEN
        EXECUTE 'CREATE FOREIGN DATA WRAPPER datalake_fdw
            HANDLER datalake_fdw_handler
            VALIDATOR datalake_fdw_validator
            OPTIONS (mpp_execute ''all segments'')';
    END IF;
END $$;
-- Set standard date style for consistent output
SET datestyle = ISO, MDY;
-- Create logging utility function
CREATE OR REPLACE FUNCTION test_log(message text)
RETURNS void AS $$
BEGIN
    RAISE NOTICE '[TEST] %', message;
END;
$$ LANGUAGE plpgsql;
-- Log setup completion
SELECT test_log('Common setup completed');
NOTICE:  [TEST] Common setup completed
 test_log 
----------
 
(1 row)

\i ../../../lib/sql/hive_server_setup.sql
-- hive_server_setup.sql
-- Hive server configuration for datalake_fdw tests
-- Requires: common_setup.sql to be loaded first
--
-- This file creates the hive_server foreign server using the public.create_foreign_server() function
-- Default configuration uses Docker service names from docker-compose.yml
-- Create server and user mapping for hive
-- Parameters: server_name, user, wrapper, cluster_name
-- The public.create_foreign_server() function handles all necessary setup
SELECT public.create_foreign_server('hive_server', 'gpadmin', 'datalake_fdw', 'paa_cluster');
 create_foreign_server 
-----------------------
 t
(1 row)

-- Log server creation
SELECT test_log('Hive server setup completed');
NOTICE:  [TEST] Hive server setup completed
 test_log 
----------
 
(1 row)

-- Create test schema
DROP SCHEMA IF EXISTS feature_test CASCADE;
NOTICE:  schema "feature_test" does not exist, skipping
CREATE SCHEMA feature_test;
SELECT test_log('Feature Test: Numeric Data Types');
NOTICE:  [TEST] Feature Test: Numeric Data Types
 test_log 
----------
 
(1 row)

-- Test 1: Sync table with various numeric types
SELECT test_log('Test 1: Sync numeric types table');
NOTICE:  [TEST] Test 1: Sync numeric types table
 test_log 
----------
 
(1 row)

SELECT public.sync_hive_table('hive_cluster','default','test_numeric_types','paa_cluster', 'feature_test.numeric_test', 'hive_server');
ERROR:  failed to sync table "default.test_numeric_types": NoSuchObjectException(message:hive.default.test_numeric_types table not found)
	at org.apache.hadoop.hive.metastore.api.ThriftHiveMetastore$get_table_req_result$get_table_req_resultStandardScheme.read(ThriftHiveMetastore.java)
	at org.apache.hadoop.hive.metastore.api.ThriftHiveMetastore$get_table_req_result$get_table_req_resultStandardScheme.read(ThriftHiveMetastore.java)
	at org.apache.hadoop.hive.metastore.api.ThriftHiveMetastore$get_table_req_result.read(ThriftHiveMetastore.java)
	at org.apache.thrift.TServiceClient.receiveBase(TServiceClient.java:86)
	at org.apache.hadoop.hive.metastore.api.ThriftHiveMetastore$Client.recv_get_table_req(ThriftHiveMetastore.java:2079)
	at org.apache.hadoop.hive.metastore.api.ThriftHiveMetastore$Client.get_table_req(ThriftHiveMetastore.java:2066)
	at org.apache.hadoop.hive.metastore.HiveMetaStoreClientCompatibility2xx.getTable(HiveMetaStoreClientCompatibility2xx.java:70)
	at org.apache.hadoop.hive.metastore.HiveMetaStoreClientCompatibility1xx.getTable(HiveMetaStoreClientCom (hive_connector.c:278)
-- Verify table structure
\d feature_test.numeric_test
-- Test 2: Query and verify tinyint (int2)
SELECT test_log('Test 2: Verify tinyint values');
NOTICE:  [TEST] Test 2: Verify tinyint values
 test_log 
----------
 
(1 row)

SELECT id, tiny_val FROM feature_test.numeric_test ORDER BY id LIMIT 5;
ERROR:  relation "feature_test.numeric_test" does not exist
LINE 1: SELECT id, tiny_val FROM feature_test.numeric_test ORDER BY ...
                                 ^
-- Test 3: Query and verify int (int4)
SELECT test_log('Test 3: Verify int values');
NOTICE:  [TEST] Test 3: Verify int values
 test_log 
----------
 
(1 row)

SELECT id, int_val FROM feature_test.numeric_test ORDER BY id LIMIT 5;
ERROR:  relation "feature_test.numeric_test" does not exist
LINE 1: SELECT id, int_val FROM feature_test.numeric_test ORDER BY i...
                                ^
-- Test 4: Query and verify bigint (int8)
SELECT test_log('Test 4: Verify bigint values');
NOTICE:  [TEST] Test 4: Verify bigint values
 test_log 
----------
 
(1 row)

SELECT id, big_val FROM feature_test.numeric_test ORDER BY id LIMIT 5;
ERROR:  relation "feature_test.numeric_test" does not exist
LINE 1: SELECT id, big_val FROM feature_test.numeric_test ORDER BY i...
                                ^
-- Test 5: Query and verify float/double
SELECT test_log('Test 5: Verify float/double values');
NOTICE:  [TEST] Test 5: Verify float/double values
 test_log 
----------
 
(1 row)

SELECT id, float_val, double_val FROM feature_test.numeric_test ORDER BY id LIMIT 5;
ERROR:  relation "feature_test.numeric_test" does not exist
LINE 1: SELECT id, float_val, double_val FROM feature_test.numeric_t...
                                              ^
-- Test 6: Query and verify decimal with precision
SELECT test_log('Test 6: Verify decimal values');
NOTICE:  [TEST] Test 6: Verify decimal values
 test_log 
----------
 
(1 row)

SELECT id, decimal_val FROM feature_test.numeric_test ORDER BY id LIMIT 5;
ERROR:  relation "feature_test.numeric_test" does not exist
LINE 1: SELECT id, decimal_val FROM feature_test.numeric_test ORDER ...
                                    ^
-- Test 7: Arithmetic operations on numeric types
SELECT test_log('Test 7: Arithmetic operations');
NOTICE:  [TEST] Test 7: Arithmetic operations
 test_log 
----------
 
(1 row)

SELECT
    AVG(tiny_val) as avg_tiny,
    SUM(int_val) as sum_int,
    MAX(big_val) as max_big,
    ROUND(AVG(float_val)::numeric, 2) as avg_float,
    ROUND(SUM(decimal_val)::numeric, 2) as sum_decimal
FROM feature_test.numeric_test;
ERROR:  relation "feature_test.numeric_test" does not exist
LINE 7: FROM feature_test.numeric_test;
             ^
-- Test 8: NULL handling in numeric types
SELECT test_log('Test 8: NULL handling');
NOTICE:  [TEST] Test 8: NULL handling
 test_log 
----------
 
(1 row)

SELECT
    COUNT(*) as total,
    COUNT(tiny_val) as non_null_tiny,
    COUNT(int_val) as non_null_int
FROM feature_test.numeric_test;
ERROR:  relation "feature_test.numeric_test" does not exist
LINE 5: FROM feature_test.numeric_test;
             ^
-- Cleanup
DROP SCHEMA feature_test CASCADE;
