-- 02_string_types.sql
-- Test string data type support
\i ../../../lib/sql/common_setup.sql
-- common_setup.sql
-- Base setup for all datalake_fdw tests
-- This file should be included at the beginning of all test SQL files
-- Create required extensions
CREATE EXTENSION IF NOT EXISTS datalake_fdw;
NOTICE:  extension "datalake_fdw" already exists, skipping
CREATE EXTENSION IF NOT EXISTS hive_connector;
NOTICE:  extension "hive_connector" already exists, skipping
-- gp_exttable_delimiter may not be available in all environments.
-- Silence the "already exists, skipping" NOTICE emitted in CI where the
-- extension has been created by an earlier test or initdb step.
SET client_min_messages = WARNING;
DO $$ BEGIN
    CREATE EXTENSION IF NOT EXISTS gp_exttable_delimiter;
EXCEPTION WHEN OTHERS THEN
    -- Extension not available, skip silently
END $$;
RESET client_min_messages;
-- Create foreign data wrapper if not already present
-- Note: CREATE FOREIGN DATA WRAPPER does not support IF NOT EXISTS syntax
DO $$ BEGIN
    IF NOT EXISTS (SELECT 1 FROM pg_foreign_data_wrapper WHERE fdwname = 'datalake_fdw') THEN
        EXECUTE 'CREATE FOREIGN DATA WRAPPER datalake_fdw
            HANDLER datalake_fdw_handler
            VALIDATOR datalake_fdw_validator
            OPTIONS (mpp_execute ''all segments'')';
    END IF;
END $$;
-- Set standard date style for consistent output
SET datestyle = ISO, MDY;
-- Create logging utility function
CREATE OR REPLACE FUNCTION test_log(message text)
RETURNS void AS $$
BEGIN
    RAISE NOTICE '[TEST] %', message;
END;
$$ LANGUAGE plpgsql;
-- Log setup completion
SELECT test_log('Common setup completed');
NOTICE:  [TEST] Common setup completed
 test_log 
----------
 
(1 row)

\i ../../../lib/sql/hive_server_setup.sql
-- hive_server_setup.sql
-- Hive server configuration for datalake_fdw tests
-- Requires: common_setup.sql to be loaded first
--
-- This file creates the hive_server foreign server using the public.create_foreign_server() function
-- Default configuration uses Docker service names from docker-compose.yml
-- Create server and user mapping for hive
-- Parameters: server_name, user, wrapper, cluster_name
-- The public.create_foreign_server() function handles all necessary setup
SELECT public.create_foreign_server('hive_server', 'gpadmin', 'datalake_fdw', 'paa_cluster');
ERROR:  server "hive_server" already exists
CONTEXT:  SQL statement "CREATE SERVER hive_server FOREIGN DATA WRAPPER datalake_fdw OPTIONS (hdfs_namenodes 'hadoop', hdfs_port '8020', protocol 'hdfs', hdfs_auth_method 'simple', hadoop_rpc_protection 'authentication')"
-- Log server creation
SELECT test_log('Hive server setup completed');
NOTICE:  [TEST] Hive server setup completed
 test_log 
----------
 
(1 row)

-- Create test schema
DROP SCHEMA IF EXISTS feature_test CASCADE;
NOTICE:  schema "feature_test" does not exist, skipping
CREATE SCHEMA feature_test;
SELECT test_log('Feature Test: String Data Types');
NOTICE:  [TEST] Feature Test: String Data Types
 test_log 
----------
 
(1 row)

-- Test 1: Sync table with string types
SELECT test_log('Test 1: Sync string types table');
NOTICE:  [TEST] Test 1: Sync string types table
 test_log 
----------
 
(1 row)

SELECT public.sync_hive_table('hive_cluster','default','test_string_types','paa_cluster', 'feature_test.string_test', 'hive_server');
ERROR:  failed to sync table "default.test_string_types": NoSuchObjectException(message:hive.default.test_string_types table not found)
	at org.apache.hadoop.hive.metastore.api.ThriftHiveMetastore$get_table_req_result$get_table_req_resultStandardScheme.read(ThriftHiveMetastore.java)
	at org.apache.hadoop.hive.metastore.api.ThriftHiveMetastore$get_table_req_result$get_table_req_resultStandardScheme.read(ThriftHiveMetastore.java)
	at org.apache.hadoop.hive.metastore.api.ThriftHiveMetastore$get_table_req_result.read(ThriftHiveMetastore.java)
	at org.apache.thrift.TServiceClient.receiveBase(TServiceClient.java:86)
	at org.apache.hadoop.hive.metastore.api.ThriftHiveMetastore$Client.recv_get_table_req(ThriftHiveMetastore.java:2079)
	at org.apache.hadoop.hive.metastore.api.ThriftHiveMetastore$Client.get_table_req(ThriftHiveMetastore.java:2066)
	at org.apache.hadoop.hive.metastore.HiveMetaStoreClientCompatibility2xx.getTable(HiveMetaStoreClientCompatibility2xx.java:70)
	at org.apache.hadoop.hive.metastore.HiveMetaStoreClientCompatibility1xx.getTable(HiveMetaStoreClientComp (hive_connector.c:278)
-- Test 2: Query string values
SELECT test_log('Test 2: Query string values');
NOTICE:  [TEST] Test 2: Query string values
 test_log 
----------
 
(1 row)

SELECT id, str_val FROM feature_test.string_test ORDER BY id LIMIT 5;
ERROR:  relation "feature_test.string_test" does not exist
LINE 1: SELECT id, str_val FROM feature_test.string_test ORDER BY id...
                                ^
-- Test 3: String operations
SELECT test_log('Test 3: String operations');
NOTICE:  [TEST] Test 3: String operations
 test_log 
----------
 
(1 row)

SELECT
    id,
    LENGTH(str_val) as str_length,
    UPPER(str_val) as uppercase,
    LOWER(str_val) as lowercase
FROM feature_test.string_test
ORDER BY id LIMIT 5;
ERROR:  relation "feature_test.string_test" does not exist
LINE 6: FROM feature_test.string_test
             ^
-- Test 4: String pattern matching
SELECT test_log('Test 4: String pattern matching');
NOTICE:  [TEST] Test 4: String pattern matching
 test_log 
----------
 
(1 row)

SELECT COUNT(*) as matching_rows
FROM feature_test.string_test
WHERE str_val LIKE '%test%';
ERROR:  relation "feature_test.string_test" does not exist
LINE 2: FROM feature_test.string_test
             ^
-- Test 5: Empty string vs NULL
SELECT test_log('Test 5: Empty string vs NULL');
NOTICE:  [TEST] Test 5: Empty string vs NULL
 test_log 
----------
 
(1 row)

SELECT
    COUNT(CASE WHEN str_val = '' THEN 1 END) as empty_strings,
    COUNT(CASE WHEN str_val IS NULL THEN 1 END) as null_values,
    COUNT(*) as total_rows
FROM feature_test.string_test;
ERROR:  relation "feature_test.string_test" does not exist
LINE 5: FROM feature_test.string_test;
             ^
-- Cleanup
DROP SCHEMA feature_test CASCADE;
