-- 03_vacuum_partitioned.sql
-- Test Iceberg VACUUM (compaction) on a PARTITION BY table: rewrite must be
-- partition-aware -- each compacted file keeps its partition, and position
-- deletes are materialized per partition during compaction.
\i ../../../lib/sql/common_setup.sql
-- common_setup.sql
-- Base setup for all datalake_fdw tests
-- This file should be included at the beginning of all test SQL files
-- Create required extensions
CREATE EXTENSION IF NOT EXISTS datalake_fdw;
NOTICE:  extension "datalake_fdw" already exists, skipping
CREATE EXTENSION IF NOT EXISTS hive_connector;
NOTICE:  extension "hive_connector" already exists, skipping
-- gp_exttable_delimiter may not be available in all environments.
-- Silence the "already exists, skipping" NOTICE emitted in CI where the
-- extension has been created by an earlier test or initdb step.
SET client_min_messages = WARNING;
DO $$ BEGIN
    CREATE EXTENSION IF NOT EXISTS gp_exttable_delimiter;
EXCEPTION WHEN OTHERS THEN
    -- Extension not available, skip silently
END $$;
RESET client_min_messages;
-- Create foreign data wrapper if not already present
-- Note: CREATE FOREIGN DATA WRAPPER does not support IF NOT EXISTS syntax
DO $$ BEGIN
    IF NOT EXISTS (SELECT 1 FROM pg_foreign_data_wrapper WHERE fdwname = 'datalake_fdw') THEN
        EXECUTE 'CREATE FOREIGN DATA WRAPPER datalake_fdw
            HANDLER datalake_fdw_handler
            VALIDATOR datalake_fdw_validator
            OPTIONS (mpp_execute ''all segments'')';
    END IF;
END $$;
-- Set standard date style for consistent output
SET datestyle = ISO, MDY;
-- Create logging utility function
CREATE OR REPLACE FUNCTION test_log(message text)
RETURNS void AS $$
BEGIN
    RAISE NOTICE '[TEST] %', message;
END;
$$ LANGUAGE plpgsql;
-- Log setup completion
SELECT test_log('Common setup completed');
NOTICE:  [TEST] Common setup completed
 test_log 
----------
 
(1 row)

-- See 01_vacuum_basic.sql: suppress the non-deterministic ORCA missing-stats
-- NOTICE for Iceberg AM tables.
SET optimizer_print_missing_stats = off;
SELECT test_log('Feature Test: Iceberg VACUUM on partitioned table');
NOTICE:  [TEST] Feature Test: Iceberg VACUUM on partitioned table
 test_log 
----------
 
(1 row)

-- ============================================================
-- Setup: Catalog and volume
-- ============================================================
CREATE SERVER vp_catalog_server FOREIGN DATA WRAPPER iceberg_catalog_fdw;
CREATE USER MAPPING FOR current_user SERVER vp_catalog_server;
CREATE FOREIGN CATALOG vp_catalog SERVER vp_catalog_server;
SET iceberg_default_catalog = 'vp_catalog';
CREATE SERVER vp_volume_server FOREIGN DATA WRAPPER iceberg_volume_fdw
OPTIONS (type 's3', endpoint 'http://minio:9000', region 'us-east-1',
         bucket_name 'warehouse', path_style_access 'true');
CREATE USER MAPPING FOR current_user SERVER vp_volume_server
OPTIONS (access_key_id 'admin', secret_access_key 'admin12345');
CREATE FOREIGN VOLUME vp_volume SERVER vp_volume_server OPTIONS(base_path '/vp_volume/');
SET iceberg_default_volume = 'vp_volume';
-- ============================================================
-- Test 1: Multiple separate INSERTs create multiple small files per partition
-- ============================================================
SELECT test_log('Test 1: Multiple INSERTs into a partitioned table');
NOTICE:  [TEST] Test 1: Multiple INSERTs into a partitioned table
 test_log 
----------
 
(1 row)

CREATE ICEBERG TABLE vp_compact (id bigint, region text) PARTITION BY (region);
INSERT INTO vp_compact VALUES (1, 'east'), (2, 'west');
INSERT INTO vp_compact VALUES (3, 'east'), (4, 'west');
INSERT INTO vp_compact VALUES (5, 'east'), (6, 'west');
-- ============================================================
-- Test 2: Verify data before VACUUM
-- ============================================================
SELECT test_log('Test 2: Verify data before VACUUM');
NOTICE:  [TEST] Test 2: Verify data before VACUUM
 test_log 
----------
 
(1 row)

SELECT region, count(*) FROM vp_compact GROUP BY region ORDER BY region;
 region | count 
--------+-------
 east   |     3
 west   |     3
(2 rows)

SELECT count(*) AS total FROM vp_compact;
 total 
-------
     6
(1 row)

-- ============================================================
-- Test 3: VACUUM compacts per partition (must succeed, data unchanged)
-- ============================================================
SELECT test_log('Test 3: VACUUM partitioned table');
NOTICE:  [TEST] Test 3: VACUUM partitioned table
 test_log 
----------
 
(1 row)

SET datalake.iceberg_vacuum_compact_min_input_files = 2;
VACUUM vp_compact;
SELECT region, count(*) FROM vp_compact GROUP BY region ORDER BY region;
 region | count 
--------+-------
 east   |     3
 west   |     3
(2 rows)

SELECT count(*) AS total FROM vp_compact;
 total 
-------
     6
(1 row)

SELECT id, region FROM vp_compact ORDER BY id;
 id | region 
----+--------
  1 | east
  2 | west
  3 | east
  4 | west
  5 | east
  6 | west
(6 rows)

-- ============================================================
-- Test 4: VACUUM after DELETE materializes position deletes per partition
-- ============================================================
SELECT test_log('Test 4: DELETE then VACUUM (MOR + compaction)');
NOTICE:  [TEST] Test 4: DELETE then VACUUM (MOR + compaction)
 test_log 
----------
 
(1 row)

DELETE FROM vp_compact WHERE id = 3;              -- east
INSERT INTO vp_compact VALUES (7, 'east');
INSERT INTO vp_compact VALUES (8, 'east');
VACUUM vp_compact;
-- id = 3 stays deleted (not resurrected by compaction); no duplicates
SELECT region, count(*) FROM vp_compact GROUP BY region ORDER BY region;
 region | count 
--------+-------
 east   |     4
 west   |     3
(2 rows)

SELECT id, region FROM vp_compact ORDER BY id;
 id | region 
----+--------
  1 | east
  2 | west
  4 | west
  5 | east
  6 | west
  7 | east
  8 | east
(7 rows)

-- ============================================================
-- Cleanup
-- ============================================================
DROP TABLE vp_compact;
DROP VOLUME vp_volume;
DROP USER MAPPING FOR current_user SERVER vp_volume_server;
DROP SERVER vp_volume_server;
DROP CATALOG vp_catalog;
DROP USER MAPPING FOR current_user SERVER vp_catalog_server;
DROP SERVER vp_catalog_server;
