-- Iceberg DDL and Data Types Test
-- Purpose: Exercise all column type mappings and DDL option paths
-- Target: pg_iceberg_ddl.c, pg_iceberg_options.c (set_option_value),
--         mapPostgresToIcebergType(), CREATE/DROP TABLE paths
CREATE EXTENSION IF NOT EXISTS datalake_fdw;
NOTICE:  extension "datalake_fdw" already exists, skipping
CREATE OR REPLACE FUNCTION __test_exec(sql text) RETURNS void AS $$
BEGIN
    EXECUTE sql;
EXCEPTION WHEN OTHERS THEN
    RAISE USING
        MESSAGE = regexp_replace(SQLERRM, '\(seg\d+[^)]*\)', '(segN)', 'g'),
        ERRCODE = SQLSTATE;
END;
$$ LANGUAGE plpgsql;
-- catalog + volume setup
CREATE SERVER types_catalog_server
FOREIGN DATA WRAPPER iceberg_catalog_fdw;
CREATE USER MAPPING FOR current_user SERVER types_catalog_server;
CREATE FOREIGN CATALOG types_catalog SERVER types_catalog_server;
SET iceberg_default_catalog = 'types_catalog';
CREATE SERVER types_volume_server
FOREIGN DATA WRAPPER iceberg_volume_fdw
OPTIONS (
    type 's3',
    endpoint 'http://minio:9000',
    region 'us-east-1',
    bucket_name 'warehouse',
    path_style_access 'true'
);
CREATE USER MAPPING FOR current_user
SERVER types_volume_server
OPTIONS (
    access_key_id 'admin',
    secret_access_key 'admin12345');
CREATE FOREIGN VOLUME types_volume SERVER types_volume_server OPTIONS(base_path '/types_volume/');
SET iceberg_default_volume = 'types_volume';
-- ============================================================
-- Test 1a: All supported Iceberg column types (excluding timestamptz)
-- timestamptz is tested separately in 1b because the parquet write
-- path does not yet handle TIMESTAMPTZOID in writeToField.
-- ============================================================
CREATE ICEBERG TABLE types_all_columns (
    col_bool boolean,
    col_smallint smallint,
    col_int int,
    col_bigint bigint,
    col_real real,
    col_double double precision,
    col_decimal decimal(15,2),
    col_text text,
    col_varchar varchar(100),
    col_date date,
    col_timestamp timestamp
);
-- Insert data for each type
INSERT INTO types_all_columns VALUES (
    true,
    32767,
    2147483647,
    9223372036854775807,
    3.14,
    2.718281828459045,
    9999999999999.99,
    'hello world',
    'varchar test',
    '2024-06-15',
    '2024-06-15 10:30:00'
);
-- Insert with NULLs
INSERT INTO types_all_columns VALUES (
    NULL, NULL, NULL, NULL, NULL, NULL,
    NULL, NULL, NULL, NULL, NULL
);
-- Insert with boundary/special values
INSERT INTO types_all_columns VALUES (
    false,
    -32768,
    -2147483648,
    -9223372036854775808,
    -0.0,
    0.0,
    0.00,
    '',
    '',
    '1970-01-01',
    '1970-01-01 00:00:00'
);
SELECT COUNT(*) FROM types_all_columns;
 count 
-------
     3
(1 row)

-- Verify types can be read back correctly
SELECT col_bool, col_smallint, col_int, col_bigint FROM types_all_columns
WHERE col_bool IS NOT NULL ORDER BY col_smallint;
 col_bool | col_smallint |   col_int   |      col_bigint      
----------+--------------+-------------+----------------------
 f        |       -32768 | -2147483648 | -9223372036854775808
 t        |        32767 |  2147483647 |  9223372036854775807
(2 rows)

SELECT col_real, col_double, col_decimal FROM types_all_columns
WHERE col_real IS NOT NULL ORDER BY col_real;
 col_real |    col_double     |   col_decimal    
----------+-------------------+------------------
        0 |                 0 |             0.00
     3.14 | 2.718281828459045 | 9999999999999.99
(2 rows)

SELECT col_text, col_varchar FROM types_all_columns
WHERE col_text IS NOT NULL ORDER BY col_text;
  col_text   | col_varchar  
-------------+--------------
             | 
 hello world | varchar test
(2 rows)

SELECT col_date, col_timestamp FROM types_all_columns
WHERE col_date IS NOT NULL ORDER BY col_date;
  col_date  |      col_timestamp       
------------+--------------------------
 01-01-1970 | Thu Jan 01 00:00:00 1970
 06-15-2024 | Sat Jun 15 10:30:00 2024
(2 rows)

DROP TABLE types_all_columns;
-- ============================================================
-- Test 1b: Timestamptz column write (expected error)
-- The parquet write path handles TIMESTAMPOID but not TIMESTAMPTZOID
-- in the per-row writeToField switch (parquetFileWriter.cpp).
-- The INSERT fails with "OSS protocol not supported data type".
-- ============================================================
CREATE ICEBERG TABLE types_tstz_only (col_tstz timestamptz);
SELECT __test_exec('INSERT INTO types_tstz_only VALUES (''2024-06-15 10:30:00+08'')');
ERROR:  Type Mismatch: data in col_tstz is as define OSS protocol not supported data type. in datalake foreign table, but in parquet not define 
           Type Mapping Supported
 External Data Type  |  Parquet Data Type 
 --------------------------------------------------------------------
 bool                |  boolean
 int,int2,int4,int8  |  int32, int64
 date                |  int32
 float4,float8       |  float,   double
 interval            |  byteArray
 time                |  byteArray
 timestamp           |  int96, int64, int32
 numeric             |  int96
 char(n),varchar(n)  |  byteArray,  fixlenbyteArray
 bytea,text          |  byteArray,  fixlenbyteArray (parquetFileWriter.cpp:745)  (segN) (pl_exec.c:3859)
CONTEXT:  PL/pgSQL function __test_exec(text) line 5 at RAISE
DROP TABLE types_tstz_only;
-- ============================================================
-- Test 2: Wide table (20+ columns)
-- ============================================================
CREATE ICEBERG TABLE types_wide_table (
    c01 bigint, c02 bigint, c03 bigint, c04 bigint, c05 bigint,
    c06 text, c07 text, c08 text, c09 text, c10 text,
    c11 int, c12 int, c13 int, c14 int, c15 int,
    c16 boolean, c17 boolean, c18 boolean,
    c19 decimal(10,2), c20 decimal(10,2),
    c21 date, c22 timestamp
);
INSERT INTO types_wide_table VALUES (
    1, 2, 3, 4, 5,
    'a', 'b', 'c', 'd', 'e',
    10, 20, 30, 40, 50,
    true, false, true,
    100.50, 200.75,
    '2024-01-01', '2024-01-01 12:00:00'
);
SELECT COUNT(*) FROM types_wide_table;
 count 
-------
     1
(1 row)

SELECT c01, c06, c11, c16, c19, c21 FROM types_wide_table;
 c01 | c06 | c11 | c16 |  c19   |    c21     
-----+-----+-----+-----+--------+------------
   1 | a   |  10 | t   | 100.50 | 01-01-2024
(1 row)

DROP TABLE types_wide_table;
-- ============================================================
-- Test 3: CREATE ICEBERG TABLE with OPTIONS
-- ============================================================
CREATE ICEBERG TABLE types_with_opts (
    id bigint,
    name text
)
OPTIONS (
    namespace 'test_ddl_ns',
    table_name 'external_name'
);
INSERT INTO types_with_opts VALUES (1, 'opt_test');
SELECT * FROM types_with_opts;
 id |   name   
----+----------
  1 | opt_test
(1 row)

DROP TABLE types_with_opts;
-- ============================================================
-- Test 4: CREATE ICEBERG TABLE with base_location option
-- ============================================================
CREATE ICEBERG TABLE types_with_location (
    id bigint,
    val text
)
OPTIONS (
    base_location '/custom/location/'
);
INSERT INTO types_with_location VALUES (1, 'location_test');
SELECT * FROM types_with_location;
 id |      val      
----+---------------
  1 | location_test
(1 row)

DROP TABLE types_with_location;
-- ============================================================
-- Test 5: CREATE ICEBERG TABLE IF NOT EXISTS
-- ============================================================
CREATE ICEBERG TABLE types_ifne (id bigint);
INSERT INTO types_ifne VALUES (1);
-- Should not error, should not replace existing table
CREATE ICEBERG TABLE IF NOT EXISTS types_ifne (id bigint, extra text);
NOTICE:  relation "types_ifne" already exists, skipping
-- Should still have original schema
SELECT * FROM types_ifne;
 id 
----
  1
(1 row)

DROP TABLE types_ifne;
-- ============================================================
-- Test 6: DROP TABLE IF EXISTS on non-existent table
-- ============================================================
DROP TABLE IF EXISTS types_nonexistent_table_xyz;
NOTICE:  table "types_nonexistent_table_xyz" does not exist, skipping
-- ============================================================
-- Test 7: Table with single column
-- ============================================================
CREATE ICEBERG TABLE types_single_col (id bigint);
INSERT INTO types_single_col VALUES (1), (2), (3);
SELECT COUNT(*) FROM types_single_col;
 count 
-------
     3
(1 row)

DROP TABLE types_single_col;
-- ============================================================
-- Cleanup
-- ============================================================
DROP VOLUME types_volume;
DROP USER MAPPING FOR current_user SERVER types_volume_server;
DROP SERVER types_volume_server;
DROP CATALOG types_catalog;
DROP USER MAPPING FOR current_user SERVER types_catalog_server;
DROP SERVER types_catalog_server;
DROP FUNCTION IF EXISTS __test_exec;
