-- Iceberg ALTER TABLE coverage (issue #334)
-- Purpose: ADD COLUMN is the only supported ALTER subcommand on Iceberg tables.
-- All other AT_* subcommands plus RENAME COLUMN must be rejected with a
-- FEATURE_NOT_SUPPORTED error.  Historically ALTER COLUMN TYPE on a populated
-- Iceberg table caused a backend SIGSEGV (empty AM stubs + uninitialized DML
-- state during table rewrite); the others silently half-applied (PG catalog
-- changed while Iceberg metadata stayed stale).  This test pins the new
-- behavior down and verifies the table remains usable after rejection.
CREATE EXTENSION IF NOT EXISTS datalake_fdw;
NOTICE:  extension "datalake_fdw" already exists, skipping
-- catalog + volume setup
CREATE SERVER alter_neg_catalog_server
FOREIGN DATA WRAPPER iceberg_catalog_fdw;
CREATE USER MAPPING FOR current_user SERVER alter_neg_catalog_server;
CREATE FOREIGN CATALOG alter_neg_catalog SERVER alter_neg_catalog_server;
SET iceberg_default_catalog = 'alter_neg_catalog';
CREATE SERVER alter_neg_volume_server
FOREIGN DATA WRAPPER iceberg_volume_fdw
OPTIONS (
    type 's3',
    endpoint 'http://minio:9000',
    region 'us-east-1',
    bucket_name 'warehouse',
    path_style_access 'true'
);
CREATE USER MAPPING FOR current_user
SERVER alter_neg_volume_server
OPTIONS (
    access_key_id 'admin',
    secret_access_key 'admin12345');
CREATE FOREIGN VOLUME alter_neg_volume SERVER alter_neg_volume_server
    OPTIONS(base_path '/alter_neg_volume/');
SET iceberg_default_volume = 'alter_neg_volume';
-- ============================================================
-- Set up the target table with two rows so any rewrite-triggering
-- ALTER would have data to chew through (this is what crashed in #334).
-- ============================================================
CREATE ICEBERG TABLE alter_block_t (id int, val int, name text);
INSERT INTO alter_block_t VALUES (1, 100, 'a'), (2, 200, 'b');
-- ============================================================
-- ADD COLUMN must still succeed (field-id mapping, old data reads NULL).
-- ============================================================
ALTER TABLE alter_block_t ADD COLUMN note text;
SELECT * FROM alter_block_t ORDER BY id;
 id | val | name | note
----+-----+------+------
  1 | 100 | a    |
  2 | 200 | b    |
(2 rows)

-- ============================================================
-- Every other ALTER subcommand: expect FEATURE_NOT_SUPPORTED.
-- ============================================================
-- Original repro from issue #334 (this used to SIGSEGV the backend).
ALTER TABLE alter_block_t ALTER COLUMN val TYPE bigint;
ERROR:  ALTER TABLE on Iceberg tables only supports ADD COLUMN
HINT:  Use Spark/Trino/Flink to perform Iceberg schema evolution, or recreate the table.
ALTER TABLE alter_block_t DROP COLUMN name;
ERROR:  ALTER TABLE on Iceberg tables only supports ADD COLUMN
HINT:  Use Spark/Trino/Flink to perform Iceberg schema evolution, or recreate the table.
ALTER TABLE alter_block_t ALTER COLUMN val SET NOT NULL;
ERROR:  ALTER TABLE on Iceberg tables only supports ADD COLUMN
HINT:  Use Spark/Trino/Flink to perform Iceberg schema evolution, or recreate the table.
ALTER TABLE alter_block_t ALTER COLUMN val DROP NOT NULL;
ERROR:  ALTER TABLE on Iceberg tables only supports ADD COLUMN
HINT:  Use Spark/Trino/Flink to perform Iceberg schema evolution, or recreate the table.
ALTER TABLE alter_block_t ALTER COLUMN val SET DEFAULT 0;
ERROR:  ALTER TABLE on Iceberg tables only supports ADD COLUMN
HINT:  Use Spark/Trino/Flink to perform Iceberg schema evolution, or recreate the table.
ALTER TABLE alter_block_t ALTER COLUMN val DROP DEFAULT;
ERROR:  ALTER TABLE on Iceberg tables only supports ADD COLUMN
HINT:  Use Spark/Trino/Flink to perform Iceberg schema evolution, or recreate the table.
ALTER TABLE alter_block_t ADD CONSTRAINT alter_block_chk CHECK (val >= 0);
ERROR:  ALTER TABLE on Iceberg tables only supports ADD COLUMN
HINT:  Use Spark/Trino/Flink to perform Iceberg schema evolution, or recreate the table.
-- RENAME COLUMN goes through RenameStmt (a separate hook branch).
ALTER TABLE alter_block_t RENAME COLUMN val TO val2;
ERROR:  RENAME COLUMN is not supported on Iceberg tables
HINT:  Recreate the table with the desired column name, or rename the column via Spark/Trino/Flink.
-- ============================================================
-- Table is still usable: schema unchanged (id int, val int, name text, note text)
-- and the rejected DDLs left no side effects on PG or Iceberg metadata.
-- ============================================================
SELECT * FROM alter_block_t ORDER BY id;
 id | val | name | note
----+-----+------+------
  1 | 100 | a    |
  2 | 200 | b    |
(2 rows)

INSERT INTO alter_block_t VALUES (3, 300, 'c', 'rush');
SELECT * FROM alter_block_t ORDER BY id;
 id | val | name | note
----+-----+------+------
  1 | 100 | a    |
  2 | 200 | b    |
  3 | 300 | c    | rush
(3 rows)

-- Cleanup
DROP TABLE alter_block_t;
DROP VOLUME alter_neg_volume;
DROP USER MAPPING FOR current_user SERVER alter_neg_volume_server;
DROP SERVER alter_neg_volume_server;
DROP CATALOG alter_neg_catalog;
DROP USER MAPPING FOR current_user SERVER alter_neg_catalog_server;
DROP SERVER alter_neg_catalog_server;
