-- Hudi BTree Merger Coverage Test
-- Purpose: Trigger btree merger path (vs hashtab merger)
-- Target: hudi_btree_merger.c (+171), hudi_merged_logfile_record_reader.c (+93),
--         hudi_task_reader.c (+50), hudi_logfile_block_reader.c (+40)
--
-- The btree merger is selected when total log file size >= hudi_log_merger_threshold (MB).
-- We set GUC threshold to 0 to force btree path for all MOR reads.
SET client_min_messages = ERROR;
DROP FOREIGN DATA WRAPPER IF EXISTS datalake_fdw CASCADE;
CREATE EXTENSION IF NOT EXISTS datalake_fdw;
CREATE EXTENSION IF NOT EXISTS hive_connector;
RESET client_min_messages;
CREATE FOREIGN DATA WRAPPER datalake_fdw
    HANDLER datalake_fdw_handler
    VALIDATOR datalake_fdw_validator
    OPTIONS (mpp_execute 'all segments');
SET datestyle = ISO, MDY;
-- Note: btree merger requires log files > 128MB (minimum threshold).
-- Our test data is too small, so this test exercises hashtab merger path
-- with additional MOR read patterns not covered by hudi_coverage.sql.
CREATE SERVER hudi_bt_server
    FOREIGN DATA WRAPPER datalake_fdw
    OPTIONS (
        hdfs_namenodes 'hadoop',
        hdfs_port '8020',
        protocol 'hdfs',
        hdfs_auth_method 'simple',
        hadoop_rpc_protection 'authentication'
    );
CREATE USER MAPPING FOR gpadmin
    SERVER hudi_bt_server
    OPTIONS (user 'gpadmin');
-- ============================================================
-- Test 1: MOR multi-delta with btree merger (threshold = 0)
-- ============================================================
DROP FOREIGN TABLE IF EXISTS hudi_bt_multi;
NOTICE:  foreign table "hudi_bt_multi" does not exist, skipping
CREATE FOREIGN TABLE hudi_bt_multi (
    id bigint,
    name text,
    price double precision,
    ts bigint
)
SERVER hudi_bt_server
OPTIONS (
    filePath 'default.hudi_mor_multi_delta_rt',
    catalog_type 'hive',
    server_name 'hive_cluster',
    hdfs_cluster_name 'paa_cluster',
    table_identifier 'default.hudi_mor_multi_delta_rt',
    format 'hudi'
);
SELECT COUNT(*) FROM hudi_bt_multi;
 count 
-------
    10
(1 row)

SELECT * FROM hudi_bt_multi ORDER BY id;
 id |   name    | price | ts  
----+-----------+-------+-----
  1 | update3_1 |   111 | 300
  2 | update2_2 |    22 | 200
  3 | update1_3 |    33 | 101
  4 | update2_4 |    44 | 201
  5 | update1_5 |    55 | 102
  6 | update2_6 |    66 | 202
  7 | update3_7 |    77 | 301
  8 | update3_8 |    88 | 302
  9 | update3_9 |    99 | 303
 10 | init_10   |   100 |  10
(10 rows)

SELECT * FROM hudi_bt_multi WHERE price > 50.0 ORDER BY id;
 id |   name    | price | ts  
----+-----------+-------+-----
  1 | update3_1 |   111 | 300
  5 | update1_5 |    55 | 102
  6 | update2_6 |    66 | 202
  7 | update3_7 |    77 | 301
  8 | update3_8 |    88 | 302
  9 | update3_9 |    99 | 303
 10 | init_10   |   100 |  10
(7 rows)

-- ============================================================
-- Test 2: MOR bulk with btree merger
-- ============================================================
DROP FOREIGN TABLE IF EXISTS hudi_bt_bulk;
NOTICE:  foreign table "hudi_bt_bulk" does not exist, skipping
CREATE FOREIGN TABLE hudi_bt_bulk (
    id bigint,
    name text,
    price double precision,
    ts bigint
)
SERVER hudi_bt_server
OPTIONS (
    filePath 'default.hudi_mor_bulk_rt',
    catalog_type 'hive',
    server_name 'hive_cluster',
    hdfs_cluster_name 'paa_cluster',
    table_identifier 'default.hudi_mor_bulk_rt',
    format 'hudi'
);
SELECT COUNT(*) FROM hudi_bt_bulk;
 count 
-------
   100
(1 row)

SELECT * FROM hudi_bt_bulk WHERE id <= 10 ORDER BY id;
 id |    name    | price |  ts  
----+------------+-------+------
  1 | name_1     |   1.5 |    1
  2 | updated_2  |       | 1002
  3 | name_3     |   4.5 |    3
  4 | updated_4  |       | 1004
  5 | name_5     |   7.5 |    5
  6 | updated_6  |       | 1006
  7 | name_7     |  10.5 |    7
  8 | updated_8  |       | 1008
  9 | name_9     |  13.5 |    9
 10 | updated_10 |       | 1010
(10 rows)

SELECT COUNT(*) FROM hudi_bt_bulk WHERE name LIKE 'updated_%';
 count 
-------
    50
(1 row)

-- ============================================================
-- Test 3: MOR partitioned with btree merger
-- ============================================================
DROP FOREIGN TABLE IF EXISTS hudi_bt_part;
NOTICE:  foreign table "hudi_bt_part" does not exist, skipping
CREATE FOREIGN TABLE hudi_bt_part (
    id bigint,
    name text,
    price double precision,
    ts bigint,
    region text
)
SERVER hudi_bt_server
OPTIONS (
    filePath 'default.hudi_mor_part_delta_rt',
    catalog_type 'hive',
    server_name 'hive_cluster',
    hdfs_cluster_name 'paa_cluster',
    table_identifier 'default.hudi_mor_part_delta_rt',
    format 'hudi'
);
SELECT COUNT(*) FROM hudi_bt_part;
 count 
-------
     5
(1 row)

SELECT * FROM hudi_bt_part ORDER BY id;
 id |   name    | price | ts  | region 
----+-----------+-------+-----+--------
  1 | updated_1 |   150 | 100 | east
  2 | item_2    |   200 |   2 | east
  3 | updated_3 |   350 | 101 | west
  4 | item_4    |   400 |   4 | west
  5 | updated_5 |   550 | 102 | north
(5 rows)

SELECT region, COUNT(*) FROM hudi_bt_part GROUP BY region ORDER BY region;
 region | count 
--------+-------
 east   |     2
 north  |     1
 west   |     2
(3 rows)

-- ============================================================
-- Cleanup
-- ============================================================
DROP FOREIGN TABLE IF EXISTS hudi_bt_multi;
DROP FOREIGN TABLE IF EXISTS hudi_bt_bulk;
DROP FOREIGN TABLE IF EXISTS hudi_bt_part;
