-- Hudi Coverage Test
-- Purpose: Deep code coverage for HUDI module (1129 lines at 0%)
-- Target: hudi_task_reader.c, hudi_logfile_block_reader.c,
--         hudi_merged_logfile_record_reader.c, hudi_btree_merger.c,
--         hudi_hashtab_merger.c, hudi_deltalog_filter.c, hudi_read.cpp,
--         dlproxy/hudi.c, provider/common/utils.c, avro_block_reader.cpp
-- Clean up previous run leftovers
SET client_min_messages = ERROR;
DROP FOREIGN DATA WRAPPER IF EXISTS datalake_fdw CASCADE;
RESET client_min_messages;
-- Common setup
SET client_min_messages = WARNING;
CREATE EXTENSION IF NOT EXISTS datalake_fdw;
CREATE EXTENSION IF NOT EXISTS hive_connector;
RESET client_min_messages;
CREATE FOREIGN DATA WRAPPER datalake_fdw
    HANDLER datalake_fdw_handler
    VALIDATOR datalake_fdw_validator
    OPTIONS (mpp_execute 'all segments');
SET datestyle = ISO, MDY;
CREATE SERVER hudi_cov_server
    FOREIGN DATA WRAPPER datalake_fdw
    OPTIONS (
        hdfs_namenodes 'hadoop',
        hdfs_port '8020',
        protocol 'hdfs',
        hdfs_auth_method 'simple',
        hadoop_rpc_protection 'authentication'
    );
CREATE USER MAPPING FOR gpadmin
    SERVER hudi_cov_server
    OPTIONS (user 'gpadmin');
-- ============================================================
-- Test 1: MOR with multiple delta logs (merger exercise)
-- Exercises: hudi_merged_logfile_record_reader, hudi_btree_merger,
--            hudi_logfile_block_reader, avro_block_reader
-- ============================================================
DROP FOREIGN TABLE IF EXISTS hudi_mor_multi_delta;
NOTICE:  foreign table "hudi_mor_multi_delta" does not exist, skipping
CREATE FOREIGN TABLE hudi_mor_multi_delta (
    id bigint,
    name text,
    price double precision,
    ts bigint
)
SERVER hudi_cov_server
OPTIONS (
    filePath 'default.hudi_mor_multi_delta_rt',
    catalog_type 'hive',
    server_name 'hive_cluster',
    hdfs_cluster_name 'paa_cluster',
    table_identifier 'default.hudi_mor_multi_delta_rt',
    format 'hudi'
);
-- Full scan (merges all delta logs)
SELECT COUNT(*) FROM hudi_mor_multi_delta;
 count 
-------
    10
(1 row)

-- Verify merged results (latest version wins by ts)
SELECT * FROM hudi_mor_multi_delta ORDER BY id;
 id |   name    | price | ts  
----+-----------+-------+-----
  1 | update3_1 |   111 | 300
  2 | update2_2 |    22 | 200
  3 | update1_3 |    33 | 101
  4 | update2_4 |    44 | 201
  5 | update1_5 |    55 | 102
  6 | update2_6 |    66 | 202
  7 | update3_7 |    77 | 301
  8 | update3_8 |    88 | 302
  9 | update3_9 |    99 | 303
 10 | init_10   |   100 |  10
(10 rows)

-- Filter pushdown on merged data
SELECT * FROM hudi_mor_multi_delta WHERE id <= 3 ORDER BY id;
 id |   name    | price | ts  
----+-----------+-------+-----
  1 | update3_1 |   111 | 300
  2 | update2_2 |    22 | 200
  3 | update1_3 |    33 | 101
(3 rows)

SELECT * FROM hudi_mor_multi_delta WHERE price > 50.00 ORDER BY id;
 id |   name    | price | ts  
----+-----------+-------+-----
  1 | update3_1 |   111 | 300
  5 | update1_5 |    55 | 102
  6 | update2_6 |    66 | 202
  7 | update3_7 |    77 | 301
  8 | update3_8 |    88 | 302
  9 | update3_9 |    99 | 303
 10 | init_10   |   100 |  10
(7 rows)

-- Aggregate on merged data
SELECT COUNT(*) AS cnt, SUM(price) AS total, AVG(price) AS avg_price
FROM hudi_mor_multi_delta;
 cnt | total | avg_price 
-----+-------+-----------
  10 |   695 |      69.5
(1 row)

-- ============================================================
-- Test 2: MOR bulk data with updates (large merge)
-- Exercises: hashtab_merger (large batch), utils.c record operations
-- ============================================================
DROP FOREIGN TABLE IF EXISTS hudi_mor_bulk;
NOTICE:  foreign table "hudi_mor_bulk" does not exist, skipping
CREATE FOREIGN TABLE hudi_mor_bulk (
    id bigint,
    name text,
    price double precision,
    ts bigint
)
SERVER hudi_cov_server
OPTIONS (
    filePath 'default.hudi_mor_bulk_rt',
    catalog_type 'hive',
    server_name 'hive_cluster',
    hdfs_cluster_name 'paa_cluster',
    table_identifier 'default.hudi_mor_bulk_rt',
    format 'hudi'
);
SELECT COUNT(*) FROM hudi_mor_bulk;
 count 
-------
   100
(1 row)

-- Verify updates were merged (even IDs should be 'updated_N')
SELECT * FROM hudi_mor_bulk WHERE id <= 10 ORDER BY id;
 id |    name    | price |  ts  
----+------------+-------+------
  1 | name_1     |   1.5 |    1
  2 | updated_2  |       | 1002
  3 | name_3     |   4.5 |    3
  4 | updated_4  |       | 1004
  5 | name_5     |   7.5 |    5
  6 | updated_6  |       | 1006
  7 | name_7     |  10.5 |    7
  8 | updated_8  |       | 1008
  9 | name_9     |  13.5 |    9
 10 | updated_10 |       | 1010
(10 rows)

-- Check updated vs original
SELECT COUNT(*) FROM hudi_mor_bulk WHERE name LIKE 'updated_%';
 count 
-------
    50
(1 row)

SELECT COUNT(*) FROM hudi_mor_bulk WHERE name LIKE 'name_%';
 count 
-------
    50
(1 row)

-- Aggregate
SELECT MIN(id), MAX(id), COUNT(*), SUM(price) FROM hudi_mor_bulk;
 min | max | count | sum  
-----+-----+-------+------
   1 | 100 |   100 | 3750
(1 row)

-- ============================================================
-- Test 3: COW with multiple types
-- Exercises: type handling in hudi_task_reader, utils.c datum creation
-- ============================================================
DROP FOREIGN TABLE IF EXISTS hudi_cow_types;
NOTICE:  foreign table "hudi_cow_types" does not exist, skipping
CREATE FOREIGN TABLE hudi_cow_types (
    id bigint,
    str_col text,
    big_col bigint,
    dbl_col double precision,
    bool_col boolean,
    date_col date,
    ts_col bigint,
    ts bigint
)
SERVER hudi_cov_server
OPTIONS (
    filePath 'default.hudi_cow_types',
    catalog_type 'hive',
    server_name 'hive_cluster',
    hdfs_cluster_name 'paa_cluster',
    table_identifier 'default.hudi_cow_types',
    format 'hudi'
);
SELECT * FROM hudi_cow_types ORDER BY id;
 id |   str_col    |  big_col   | dbl_col | bool_col |  date_col  |   ts_col   | ts 
----+--------------+------------+---------+----------+------------+------------+----
  1 | text_val     |  123456789 |    3.14 | t        | 2024-06-15 | 1718448600 |  1
  2 | another_text | -987654321 |  -2.718 | f        | 1970-01-01 |          0 |  2
  3 |              |            |         |          |            |            |  3
(3 rows)

SELECT id, str_col IS NULL AS str_null, big_col IS NULL AS big_null,
       bool_col, date_col
FROM hudi_cow_types ORDER BY id;
 id | str_null | big_null | bool_col |  date_col  
----+----------+----------+----------+------------
  1 | f        | f        | t        | 2024-06-15
  2 | f        | f        | f        | 1970-01-01
  3 | t        | t        |          | 
(3 rows)

-- ============================================================
-- Test 4: MOR partitioned with per-partition deltas
-- Exercises: partition-aware fragment scanning, delta per file group
-- ============================================================
DROP FOREIGN TABLE IF EXISTS hudi_mor_part_delta;
NOTICE:  foreign table "hudi_mor_part_delta" does not exist, skipping
CREATE FOREIGN TABLE hudi_mor_part_delta (
    id bigint,
    name text,
    price double precision,
    ts bigint,
    region text
)
SERVER hudi_cov_server
OPTIONS (
    filePath 'default.hudi_mor_part_delta_rt',
    catalog_type 'hive',
    server_name 'hive_cluster',
    hdfs_cluster_name 'paa_cluster',
    table_identifier 'default.hudi_mor_part_delta_rt',
    format 'hudi'
);
SELECT COUNT(*) FROM hudi_mor_part_delta;
 count 
-------
     5
(1 row)

SELECT * FROM hudi_mor_part_delta ORDER BY id;
 id |   name    | price | ts  | region 
----+-----------+-------+-----+--------
  1 | updated_1 |   150 | 100 | east
  2 | item_2    |   200 |   2 | east
  3 | updated_3 |   350 | 101 | west
  4 | item_4    |   400 |   4 | west
  5 | updated_5 |   550 | 102 | north
(5 rows)

-- Filter by partition column
SELECT * FROM hudi_mor_part_delta WHERE region = 'east' ORDER BY id;
 id |   name    | price | ts  | region 
----+-----------+-------+-----+--------
  1 | updated_1 |   150 | 100 | east
  2 | item_2    |   200 |   2 | east
(2 rows)

SELECT * FROM hudi_mor_part_delta WHERE region = 'west' ORDER BY id;
 id |   name    | price | ts  | region 
----+-----------+-------+-----+--------
  3 | updated_3 |   350 | 101 | west
  4 | item_4    |   400 |   4 | west
(2 rows)

-- Cross-partition aggregate
SELECT region, COUNT(*) AS cnt, SUM(price) AS total
FROM hudi_mor_part_delta
GROUP BY region ORDER BY region;
 region | cnt | total 
--------+-----+-------
 east   |   2 |   350
 north  |   1 |   550
 west   |   2 |   750
(3 rows)

-- ============================================================
-- Cleanup
-- ============================================================
DROP FOREIGN TABLE IF EXISTS hudi_mor_multi_delta;
DROP FOREIGN TABLE IF EXISTS hudi_mor_bulk;
DROP FOREIGN TABLE IF EXISTS hudi_cow_types;
DROP FOREIGN TABLE IF EXISTS hudi_mor_part_delta;
