-- Hudi Smoke Test
-- Tests basic read operations on pre-loaded Hudi tables via foreign table with format 'hudi'
-- Requires: Hudi tables pre-loaded via Spark in Hive Metastore
-- Approach: CREATE FOREIGN TABLE with catalog_type='hive', format='hudi' (per hudi_read.sql pattern)
-- Clean up previous run leftovers
DROP FOREIGN DATA WRAPPER IF EXISTS datalake_fdw CASCADE;
NOTICE:  foreign-data wrapper "datalake_fdw" does not exist, skipping
-- Common setup
CREATE EXTENSION IF NOT EXISTS datalake_fdw;
CREATE EXTENSION IF NOT EXISTS hive_connector;
CREATE FOREIGN DATA WRAPPER datalake_fdw
    HANDLER datalake_fdw_handler
    VALIDATOR datalake_fdw_validator
    OPTIONS (mpp_execute 'all segments');
SET datestyle = ISO, MDY;
-- Create server directly (avoid create_foreign_server which requires gphdfs.conf on coordinator)
CREATE SERVER hudi_server
    FOREIGN DATA WRAPPER datalake_fdw
    OPTIONS (
        hdfs_namenodes 'hadoop',
        hdfs_port '8020',
        protocol 'hdfs',
        hdfs_auth_method 'simple',
        hadoop_rpc_protection 'authentication'
    );
CREATE USER MAPPING FOR gpadmin
    SERVER hudi_server
    OPTIONS (user 'gpadmin');
-- ============================================================
-- Test 1: Hudi COW (Copy-on-Write) table basic read
-- ============================================================
DROP FOREIGN TABLE IF EXISTS hudi_cow_table;
NOTICE:  foreign table "hudi_cow_table" does not exist, skipping
CREATE FOREIGN TABLE hudi_cow_table (
    id bigint,
    name text,
    price double precision,
    ts bigint
)
SERVER hudi_server
OPTIONS (
    filePath 'default.hudi_cow_table',
    catalog_type 'hive',
    server_name 'hive_cluster',
    hdfs_cluster_name 'paa_cluster',
    table_identifier 'default.hudi_cow_table',
    format 'hudi'
);
SELECT COUNT(*) FROM hudi_cow_table;
 count 
-------
     5
(1 row)

SELECT * FROM hudi_cow_table ORDER BY id;
 id |  name   | price  |  ts  
----+---------+--------+------
  1 | Alice   |    100 | 1000
  2 | Bob     |  200.5 | 1001
  3 | Charlie |  50.75 | 1002
  4 | David   |    300 | 1003
  5 | Eve     | 150.25 | 1004
(5 rows)

SELECT * FROM hudi_cow_table WHERE id > 2 ORDER BY id;
 id |  name   | price  |  ts  
----+---------+--------+------
  3 | Charlie |  50.75 | 1002
  4 | David   |    300 | 1003
  5 | Eve     | 150.25 | 1004
(3 rows)

SELECT COUNT(*) AS cnt, SUM(price) AS total_price FROM hudi_cow_table;
 cnt | total_price 
-----+-------------
   5 |       801.5
(1 row)

-- ============================================================
-- Test 2: Hudi MOR (Merge-on-Read) table basic read
-- ============================================================
DROP FOREIGN TABLE IF EXISTS hudi_mor_table;
NOTICE:  foreign table "hudi_mor_table" does not exist, skipping
CREATE FOREIGN TABLE hudi_mor_table (
    id bigint,
    name text,
    price double precision,
    ts bigint
)
SERVER hudi_server
OPTIONS (
    filePath 'default.hudi_mor_table_rt',
    catalog_type 'hive',
    server_name 'hive_cluster',
    hdfs_cluster_name 'paa_cluster',
    table_identifier 'default.hudi_mor_table_rt',
    format 'hudi'
);
SELECT COUNT(*) FROM hudi_mor_table;
 count 
-------
     5
(1 row)

SELECT * FROM hudi_mor_table ORDER BY id;
 id |    name    | price  |  ts  
----+------------+--------+------
  1 | Laptop     | 999.99 | 2000
  2 | Mouse Pro  |  39.99 | 2010
  3 | Keyboard   |  79.99 | 2002
  4 | Monitor 4K | 499.99 | 2011
  5 | Headset    | 149.99 | 2004
(5 rows)

SELECT * FROM hudi_mor_table WHERE price > 100.00 ORDER BY id;
 id |    name    | price  |  ts  
----+------------+--------+------
  1 | Laptop     | 999.99 | 2000
  4 | Monitor 4K | 499.99 | 2011
  5 | Headset    | 149.99 | 2004
(3 rows)

-- ============================================================
-- Test 3: Hudi partitioned table
-- ============================================================
DROP FOREIGN TABLE IF EXISTS hudi_partition_table;
NOTICE:  foreign table "hudi_partition_table" does not exist, skipping
CREATE FOREIGN TABLE hudi_partition_table (
    id bigint,
    name text,
    amount double precision,
    region text
)
SERVER hudi_server
OPTIONS (
    filePath 'default.hudi_partition_table',
    catalog_type 'hive',
    server_name 'hive_cluster',
    hdfs_cluster_name 'paa_cluster',
    table_identifier 'default.hudi_partition_table',
    format 'hudi'
);
SELECT COUNT(*) FROM hudi_partition_table;
 count 
-------
     5
(1 row)

SELECT * FROM hudi_partition_table ORDER BY id;
 id |  name   | amount | region 
----+---------+--------+--------
  1 | Order-1 |    100 | east
  2 | Order-2 |    200 | east
  3 | Order-3 |    150 | west
  4 | Order-4 |    300 | west
  5 | Order-5 |    250 | north
(5 rows)

SELECT * FROM hudi_partition_table WHERE region = 'east' ORDER BY id;
 id |  name   | amount | region 
----+---------+--------+--------
  1 | Order-1 |    100 | east
  2 | Order-2 |    200 | east
(2 rows)

SELECT region, COUNT(*) AS cnt, SUM(amount) AS total
FROM hudi_partition_table
GROUP BY region ORDER BY region;
 region | cnt | total 
--------+-----+-------
 east   |   2 |   300
 north  |   1 |   250
 west   |   2 |   450
(3 rows)

-- ============================================================
-- Test 4: Hudi NULL value handling
-- ============================================================
DROP FOREIGN TABLE IF EXISTS hudi_null_table;
NOTICE:  foreign table "hudi_null_table" does not exist, skipping
CREATE FOREIGN TABLE hudi_null_table (
    id bigint,
    name text,
    val int,
    ts bigint
)
SERVER hudi_server
OPTIONS (
    filePath 'default.hudi_null_table',
    catalog_type 'hive',
    server_name 'hive_cluster',
    hdfs_cluster_name 'paa_cluster',
    table_identifier 'default.hudi_null_table',
    format 'hudi'
);
SELECT * FROM hudi_null_table ORDER BY id;
 id |  name   | val |  ts  
----+---------+-----+------
  1 | has_all | 100 | 3000
  2 |         | 200 | 3001
  3 | no_val  |     | 3002
  4 |         |     | 3003
(4 rows)

SELECT id, name IS NULL AS name_null, val IS NULL AS val_null
FROM hudi_null_table ORDER BY id;
 id | name_null | val_null 
----+-----------+----------
  1 | f         | f
  2 | t         | f
  3 | f         | t
  4 | t         | t
(4 rows)

-- ============================================================
-- Cleanup
-- ============================================================
DROP FOREIGN TABLE IF EXISTS hudi_cow_table;
DROP FOREIGN TABLE IF EXISTS hudi_mor_table;
DROP FOREIGN TABLE IF EXISTS hudi_partition_table;
DROP FOREIGN TABLE IF EXISTS hudi_null_table;
